Archive member included to satisfy reference by file (symbol)

C:/ST/STM32CubeIDE_1.16.0/STM32CubeIDE/plugins/com.st.stm32cube.ide.mcu.externaltools.gnu-tools-for-stm32.12.3.rel1.win32_1.0.200.202406191623/tools/bin/../lib/gcc/arm-none-eabi/12.3.1/../../../../arm-none-eabi/lib/thumb/v6-m/nofp\libc_nano.a(libc_a-exit.o)
                              C:/ST/STM32CubeIDE_1.16.0/STM32CubeIDE/plugins/com.st.stm32cube.ide.mcu.externaltools.gnu-tools-for-stm32.12.3.rel1.win32_1.0.200.202406191623/tools/bin/../lib/gcc/arm-none-eabi/12.3.1/../../../../arm-none-eabi/lib/thumb/v6-m/nofp/crt0.o (exit)
C:/ST/STM32CubeIDE_1.16.0/STM32CubeIDE/plugins/com.st.stm32cube.ide.mcu.externaltools.gnu-tools-for-stm32.12.3.rel1.win32_1.0.200.202406191623/tools/bin/../lib/gcc/arm-none-eabi/12.3.1/../../../../arm-none-eabi/lib/thumb/v6-m/nofp\libc_nano.a(libc_a-nano-vfprintf_float.o)
                              (_printf_float)
C:/ST/STM32CubeIDE_1.16.0/STM32CubeIDE/plugins/com.st.stm32cube.ide.mcu.externaltools.gnu-tools-for-stm32.12.3.rel1.win32_1.0.200.202406191623/tools/bin/../lib/gcc/arm-none-eabi/12.3.1/../../../../arm-none-eabi/lib/thumb/v6-m/nofp\libc_nano.a(libc_a-nano-vfprintf_i.o)
                              C:/ST/STM32CubeIDE_1.16.0/STM32CubeIDE/plugins/com.st.stm32cube.ide.mcu.externaltools.gnu-tools-for-stm32.12.3.rel1.win32_1.0.200.202406191623/tools/bin/../lib/gcc/arm-none-eabi/12.3.1/../../../../arm-none-eabi/lib/thumb/v6-m/nofp\libc_nano.a(libc_a-nano-vfprintf_float.o) (_printf_common)
C:/ST/STM32CubeIDE_1.16.0/STM32CubeIDE/plugins/com.st.stm32cube.ide.mcu.externaltools.gnu-tools-for-stm32.12.3.rel1.win32_1.0.200.202406191623/tools/bin/../lib/gcc/arm-none-eabi/12.3.1/../../../../arm-none-eabi/lib/thumb/v6-m/nofp\libc_nano.a(libc_a-nano-vfscanf_float.o)
                              (_scanf_float)
C:/ST/STM32CubeIDE_1.16.0/STM32CubeIDE/plugins/com.st.stm32cube.ide.mcu.externaltools.gnu-tools-for-stm32.12.3.rel1.win32_1.0.200.202406191623/tools/bin/../lib/gcc/arm-none-eabi/12.3.1/../../../../arm-none-eabi/lib/thumb/v6-m/nofp\libc_nano.a(libc_a-findfp.o)
                              C:/ST/STM32CubeIDE_1.16.0/STM32CubeIDE/plugins/com.st.stm32cube.ide.mcu.externaltools.gnu-tools-for-stm32.12.3.rel1.win32_1.0.200.202406191623/tools/bin/../lib/gcc/arm-none-eabi/12.3.1/../../../../arm-none-eabi/lib/thumb/v6-m/nofp\libc_nano.a(libc_a-exit.o) (__stdio_exit_handler)
C:/ST/STM32CubeIDE_1.16.0/STM32CubeIDE/plugins/com.st.stm32cube.ide.mcu.externaltools.gnu-tools-for-stm32.12.3.rel1.win32_1.0.200.202406191623/tools/bin/../lib/gcc/arm-none-eabi/12.3.1/../../../../arm-none-eabi/lib/thumb/v6-m/nofp\libc_nano.a(libc_a-fwalk.o)
                              C:/ST/STM32CubeIDE_1.16.0/STM32CubeIDE/plugins/com.st.stm32cube.ide.mcu.externaltools.gnu-tools-for-stm32.12.3.rel1.win32_1.0.200.202406191623/tools/bin/../lib/gcc/arm-none-eabi/12.3.1/../../../../arm-none-eabi/lib/thumb/v6-m/nofp\libc_nano.a(libc_a-findfp.o) (_fwalk_sglue)
C:/ST/STM32CubeIDE_1.16.0/STM32CubeIDE/plugins/com.st.stm32cube.ide.mcu.externaltools.gnu-tools-for-stm32.12.3.rel1.win32_1.0.200.202406191623/tools/bin/../lib/gcc/arm-none-eabi/12.3.1/../../../../arm-none-eabi/lib/thumb/v6-m/nofp\libc_nano.a(libc_a-snprintf.o)
                              ./Core/Src/main.o (snprintf)
C:/ST/STM32CubeIDE_1.16.0/STM32CubeIDE/plugins/com.st.stm32cube.ide.mcu.externaltools.gnu-tools-for-stm32.12.3.rel1.win32_1.0.200.202406191623/tools/bin/../lib/gcc/arm-none-eabi/12.3.1/../../../../arm-none-eabi/lib/thumb/v6-m/nofp\libc_nano.a(libc_a-sprintf.o)
                              ./Core/Src/main.o (sprintf)
C:/ST/STM32CubeIDE_1.16.0/STM32CubeIDE/plugins/com.st.stm32cube.ide.mcu.externaltools.gnu-tools-for-stm32.12.3.rel1.win32_1.0.200.202406191623/tools/bin/../lib/gcc/arm-none-eabi/12.3.1/../../../../arm-none-eabi/lib/thumb/v6-m/nofp\libc_nano.a(libc_a-stdio.o)
                              C:/ST/STM32CubeIDE_1.16.0/STM32CubeIDE/plugins/com.st.stm32cube.ide.mcu.externaltools.gnu-tools-for-stm32.12.3.rel1.win32_1.0.200.202406191623/tools/bin/../lib/gcc/arm-none-eabi/12.3.1/../../../../arm-none-eabi/lib/thumb/v6-m/nofp\libc_nano.a(libc_a-findfp.o) (__sread)
C:/ST/STM32CubeIDE_1.16.0/STM32CubeIDE/plugins/com.st.stm32cube.ide.mcu.externaltools.gnu-tools-for-stm32.12.3.rel1.win32_1.0.200.202406191623/tools/bin/../lib/gcc/arm-none-eabi/12.3.1/../../../../arm-none-eabi/lib/thumb/v6-m/nofp\libc_nano.a(libc_a-memset.o)
                              C:/ST/STM32CubeIDE_1.16.0/STM32CubeIDE/plugins/com.st.stm32cube.ide.mcu.externaltools.gnu-tools-for-stm32.12.3.rel1.win32_1.0.200.202406191623/tools/bin/../lib/gcc/arm-none-eabi/12.3.1/../../../../arm-none-eabi/lib/thumb/v6-m/nofp/crt0.o (memset)
C:/ST/STM32CubeIDE_1.16.0/STM32CubeIDE/plugins/com.st.stm32cube.ide.mcu.externaltools.gnu-tools-for-stm32.12.3.rel1.win32_1.0.200.202406191623/tools/bin/../lib/gcc/arm-none-eabi/12.3.1/../../../../arm-none-eabi/lib/thumb/v6-m/nofp\libc_nano.a(libc_a-localeconv.o)
[...]
Memory Configuration

Name             Origin             Length             Attributes
RAM              0x20000000         0x00005000         xrw
FLASH            0x08000000         0x00030000         xr
*default*        0x00000000         0xffffffff

Linker script and memory map

LOAD C:/ST/STM32CubeIDE_1.16.0/STM32CubeIDE/plugins/com.st.stm32cube.ide.mcu.externaltools.gnu-tools-for-stm32.12.3.rel1.win32_1.0.200.202406191623/tools/bin/../lib/gcc/arm-none-eabi/12.3.1/thumb/v6-m/nofp/crti.o
LOAD C:/ST/STM32CubeIDE_1.16.0/STM32CubeIDE/plugins/com.st.stm32cube.ide.mcu.externaltools.gnu-tools-for-stm32.12.3.rel1.win32_1.0.200.202406191623/tools/bin/../lib/gcc/arm-none-eabi/12.3.1/thumb/v6-m/nofp/crtbegin.o
LOAD C:/ST/STM32CubeIDE_1.16.0/STM32CubeIDE/plugins/com.st.stm32cube.ide.mcu.externaltools.gnu-tools-for-stm32.12.3.rel1.win32_1.0.200.202406191623/tools/bin/../lib/gcc/arm-none-eabi/12.3.1/../../../../arm-none-eabi/lib/thumb/v6-m/nofp/crt0.o
LOAD ./Core/Src/MAX30102.o
LOAD ./Core/Src/freertos.o
LOAD ./Core/Src/main.o
LOAD ./Core/Src/stm32l0xx_hal_msp.o
LOAD ./Core/Src/stm32l0xx_hal_timebase_tim.o
LOAD ./Core/Src/stm32l0xx_it.o
LOAD ./Core/Src/syscalls.o
LOAD ./Core/Src/sysmem.o
LOAD ./Core/Src/system_stm32l0xx.o
LOAD ./Core/Startup/startup_stm32l073rztx.o
LOAD ./Drivers/STM32L0xx_HAL_Driver/Src/stm32l0xx_hal.o
LOAD ./Drivers/STM32L0xx_HAL_Driver/Src/stm32l0xx_hal_cortex.o
LOAD ./Drivers/STM32L0xx_HAL_Driver/Src/stm32l0xx_hal_dma.o
LOAD ./Drivers/STM32L0xx_HAL_Driver/Src/stm32l0xx_hal_exti.o
LOAD ./Drivers/STM32L0xx_HAL_Driver/Src/stm32l0xx_hal_flash.o
LOAD ./Drivers/STM32L0xx_HAL_Driver/Src/stm32l0xx_hal_flash_ex.o
LOAD ./Drivers/STM32L0xx_HAL_Driver/Src/stm32l0xx_hal_flash_ramfunc.o
LOAD ./Drivers/STM32L0xx_HAL_Driver/Src/stm32l0xx_hal_gpio.o
LOAD ./Drivers/STM32L0xx_HAL_Driver/Src/stm32l0xx_hal_i2c.o
LOAD ./Drivers/STM32L0xx_HAL_Driver/Src/stm32l0xx_hal_i2c_ex.o
LOAD ./Drivers/STM32L0xx_HAL_Driver/Src/stm32l0xx_hal_pwr.o
LOAD ./Drivers/STM32L0xx_HAL_Driver/Src/stm32l0xx_hal_pwr_ex.o
LOAD ./Drivers/STM32L0xx_HAL_Driver/Src/stm32l0xx_hal_rcc.o
LOAD ./Drivers/STM32L0xx_HAL_Driver/Src/stm32l0xx_hal_rcc_ex.o
LOAD ./Drivers/STM32L0xx_HAL_Driver/Src/stm32l0xx_hal_rtc.o
LOAD ./Drivers/STM32L0xx_HAL_Driver/Src/stm32l0xx_hal_rtc_ex.o
LOAD ./Drivers/STM32L0xx_HAL_Driver/Src/stm32l0xx_hal_spi.o
LOAD ./Drivers/STM32L0xx_HAL_Driver/Src/stm32l0xx_hal_tim.o
LOAD ./Drivers/STM32L0xx_HAL_Driver/Src/stm32l0xx_hal_tim_ex.o
LOAD ./Drivers/STM32L0xx_HAL_Driver/Src/stm32l0xx_hal_uart.o
LOAD ./Drivers/STM32L0xx_HAL_Driver/Src/stm32l0xx_hal_uart_ex.o
LOAD ./FATFS/App/fatfs.o
LOAD ./FATFS/Target/user_diskio.o
LOAD ./FATFS/Target/user_diskio_spi.o
LOAD ./Middlewares/Third_Party/FatFs/src/diskio.o
LOAD ./Middlewares/Third_Party/FatFs/src/ff.o
LOAD ./Middlewares/Third_Party/FatFs/src/ff_gen_drv.o
LOAD ./Middlewares/Third_Party/FatFs/src/option/syscall.o
LOAD ./Middlewares/Third_Party/FreeRTOS/Source/CMSIS_RTOS/cmsis_os.o
LOAD ./Middlewares/Third_Party/FreeRTOS/Source/croutine.o
LOAD ./Middlewares/Third_Party/FreeRTOS/Source/event_groups.o
LOAD ./Middlewares/Third_Party/FreeRTOS/Source/list.o
LOAD ./Middlewares/Third_Party/FreeRTOS/Source/queue.o
LOAD ./Middlewares/Third_Party/FreeRTOS/Source/stream_buffer.o
LOAD ./Middlewares/Third_Party/FreeRTOS/Source/tasks.o
LOAD ./Middlewares/Third_Party/FreeRTOS/Source/timers.o
LOAD ./Middlewares/Third_Party/FreeRTOS/Source/portable/GCC/ARM_CM0/port.o
LOAD ./Middlewares/Third_Party/FreeRTOS/Source/portable/MemMang/heap_4.o
START GROUP
LOAD C:/ST/STM32CubeIDE_1.16.0/STM32CubeIDE/plugins/com.st.stm32cube.ide.mcu.externaltools.gnu-tools-for-stm32.12.3.rel1.win32_1.0.200.202406191623/tools/bin/../lib/gcc/arm-none-eabi/12.3.1/../../../../arm-none-eabi/lib/thumb/v6-m/nofp\libc_nano.a
LOAD C:/ST/STM32CubeIDE_1.16.0/STM32CubeIDE/plugins/com.st.stm32cube.ide.mcu.externaltools.gnu-tools-for-stm32.12.3.rel1.win32_1.0.200.202406191623/tools/bin/../lib/gcc/arm-none-eabi/12.3.1/../../../../arm-none-eabi/lib/thumb/v6-m/nofp\libm.a
END GROUP
START GROUP
LOAD C:/ST/STM32CubeIDE_1.16.0/STM32CubeIDE/plugins/com.st.stm32cube.ide.mcu.externaltools.gnu-tools-for-stm32.12.3.rel1.win32_1.0.200.202406191623/tools/bin/../lib/gcc/arm-none-eabi/12.3.1/thumb/v6-m/nofp\libgcc.a
LOAD C:/ST/STM32CubeIDE_1.16.0/STM32CubeIDE/plugins/com.st.stm32cube.ide.mcu.externaltools.gnu-tools-for-stm32.12.3.rel1.win32_1.0.200.202406191623/tools/bin/../lib/gcc/arm-none-eabi/12.3.1/../../../../arm-none-eabi/lib/thumb/v6-m/nofp\libc_nano.a
END GROUP
START GROUP
LOAD C:/ST/STM32CubeIDE_1.16.0/STM32CubeIDE/plugins/com.st.stm32cube.ide.mcu.externaltools.gnu-tools-for-stm32.12.3.rel1.win32_1.0.200.202406191623/tools/bin/../lib/gcc/arm-none-eabi/12.3.1/thumb/v6-m/nofp\libgcc.a
LOAD C:/ST/STM32CubeIDE_1.16.0/STM32CubeIDE/plugins/com.st.stm32cube.ide.mcu.externaltools.gnu-tools-for-stm32.12.3.rel1.win32_1.0.200.202406191623/tools/bin/../lib/gcc/arm-none-eabi/12.3.1/../../../../arm-none-eabi/lib/thumb/v6-m/nofp\libc_nano.a
LOAD C:/ST/STM32CubeIDE_1.16.0/STM32CubeIDE/plugins/com.st.stm32cube.ide.mcu.externaltools.gnu-tools-for-stm32.12.3.rel1.win32_1.0.200.202406191623/tools/bin/../lib/gcc/arm-none-eabi/12.3.1/../../../../arm-none-eabi/lib/thumb/v6-m/nofp\libnosys.a
END GROUP
START GROUP
LOAD C:/ST/STM32CubeIDE_1.16.0/STM32CubeIDE/plugins/com.st.stm32cube.ide.mcu.externaltools.gnu-tools-for-stm32.12.3.rel1.win32_1.0.200.202406191623/tools/bin/../lib/gcc/arm-none-eabi/12.3.1/thumb/v6-m/nofp\libgcc.a
LOAD C:/ST/STM32CubeIDE_1.16.0/STM32CubeIDE/plugins/com.st.stm32cube.ide.mcu.externaltools.gnu-tools-for-stm32.12.3.rel1.win32_1.0.200.202406191623/tools/bin/../lib/gcc/arm-none-eabi/12.3.1/../../../../arm-none-eabi/lib/thumb/v6-m/nofp\libc_nano.a
LOAD C:/ST/STM32CubeIDE_1.16.0/STM32CubeIDE/plugins/com.st.stm32cube.ide.mcu.externaltools.gnu-tools-for-stm32.12.3.rel1.win32_1.0.200.202406191623/tools/bin/../lib/gcc/arm-none-eabi/12.3.1/../../../../arm-none-eabi/lib/thumb/v6-m/nofp\libnosys.a
END GROUP
LOAD C:/ST/STM32CubeIDE_1.16.0/STM32CubeIDE/plugins/com.st.stm32cube.ide.mcu.externaltools.gnu-tools-for-stm32.12.3.rel1.win32_1.0.200.202406191623/tools/bin/../lib/gcc/arm-none-eabi/12.3.1/thumb/v6-m/nofp/crtend.o
LOAD C:/ST/STM32CubeIDE_1.16.0/STM32CubeIDE/plugins/com.st.stm32cube.ide.mcu.externaltools.gnu-tools-for-stm32.12.3.rel1.win32_1.0.200.202406191623/tools/bin/../lib/gcc/arm-none-eabi/12.3.1/thumb/v6-m/nofp/crtn.o
                0x20005000                        _estack = (ORIGIN (RAM) + LENGTH (RAM))
                0x00000200                        _Min_Heap_Size = 0x200
                0x00000400                        _Min_Stack_Size = 0x400

.isr_vector     0x08000000       0xc0
                0x08000000                        . = ALIGN (0x4)
 *(.isr_vector)
 .isr_vector    0x08000000       0xc0 ./Core/Startup/startup_stm32l073rztx.o
                0x08000000                g_pfnVectors
                0x080000c0                        . = ALIGN (0x4)

.text           0x080000c0    0x134e8
                0x080000c0                        . = ALIGN (0x4)
 *(.text)
 .text          0x080000c0       0x48 C:/ST/STM32CubeIDE_1.16.0/STM32CubeIDE/plugins/com.st.stm32cube.ide.mcu.externaltools.gnu-tools-for-stm32.12.3.rel1.win32_1.0.200.202406191623/tools/bin/../lib/gcc/arm-none-eabi/12.3.1/thumb/v6-m/nofp/crtbegin.o
 .text          0x08000108        0xe C:/ST/STM32CubeIDE_1.16.0/STM32CubeIDE/plugins/com.st.stm32cube.ide.mcu.externaltools.gnu-tools-for-stm32.12.3.rel1.win32_1.0.200.202406191623/tools/bin/../lib/gcc/arm-none-eabi/12.3.1/../../../../arm-none-eabi/lib/thumb/v6-m/nofp\libc_nano.a(libc_a-strlen.o)
                0x08000108                strlen
 *fill*         0x08000116        0x2 
 .text          0x08000118       0x14 C:/ST/STM32CubeIDE_1.16.0/STM32CubeIDE/plugins/com.st.stm32cube.ide.mcu.externaltools.gnu-tools-for-stm32.12.3.rel1.win32_1.0.200.202406191623/tools/bin/../lib/gcc/arm-none-eabi/12.3.1/thumb/v6-m/nofp\libgcc.a(_thumb1_case_uqi.o)
                0x08000118                __gnu_thumb1_case_uqi
 .text          0x0800012c       0x14 C:/ST/STM32CubeIDE_1.16.0/STM32CubeIDE/plugins/com.st.stm32cube.ide.mcu.externaltools.gnu-tools-for-stm32.12.3.rel1.win32_1.0.200.202406191623/tools/bin/../lib/gcc/arm-none-eabi/12.3.1/thumb/v6-m/nofp\libgcc.a(_thumb1_case_shi.o)
                0x0800012c                __gnu_thumb1_case_shi
 .text          0x08000140      0x114 C:/ST/STM32CubeIDE_1.16.0/STM32CubeIDE/plugins/com.st.stm32cube.ide.mcu.externaltools.gnu-tools-for-stm32.12.3.rel1.win32_1.0.200.202406191623/tools/bin/../lib/gcc/arm-none-eabi/12.3.1/thumb/v6-m/nofp\libgcc.a(_udivsi3.o)
                0x08000140                __aeabi_uidiv
                0x08000140                __udivsi3
                0x0800024c                __aeabi_uidivmod
 .text          0x08000254      0x1d4 C:/ST/STM32CubeIDE_1.16.0/STM32CubeIDE/plugins/com.st.stm32cube.ide.mcu.externaltools.gnu-tools-for-stm32.12.3.rel1.win32_1.0.200.202406191623/tools/bin/../lib/gcc/arm-none-eabi/12.3.1/thumb/v6-m/nofp\libgcc.a(_divsi3.o)
                0x08000254                __divsi3
                0x08000254                __aeabi_idiv
                0x08000420                __aeabi_idivmod
 .text          0x08000428        0x4 C:/ST/STM32CubeIDE_1.16.0/STM32CubeIDE/plugins/com.st.stm32cube.ide.mcu.externaltools.gnu-tools-for-stm32.12.3.rel1.win32_1.0.200.202406191623/tools/bin/../lib/gcc/arm-none-eabi/12.3.1/thumb/v6-m/nofp\libgcc.a(_dvmd_tls.o)
                0x08000428                __aeabi_idiv0
                0x08000428                __aeabi_ldiv0
 .text          0x0800042c       0x7c C:/ST/STM32CubeIDE_1.16.0/STM32CubeIDE/plugins/com.st.stm32cube.ide.mcu.externaltools.gnu-tools-for-stm32.12.3.rel1.win32_1.0.200.202406191623/tools/bin/../lib/gcc/arm-none-eabi/12.3.1/thumb/v6-m/nofp\libgcc.a(_arm_cmpdf2.o)
                0x0800042c                __aeabi_cdrcmple
                0x0800043c                __aeabi_cdcmple
                0x0800043c                __aeabi_cdcmpeq
                0x0800044c                __aeabi_dcmpeq
                0x08000458                __aeabi_dcmplt
                0x0800046c                __aeabi_dcmple
                0x08000480                __aeabi_dcmpgt
                0x08000494                __aeabi_dcmpge
 .text          0x080004a8       0x74 C:/ST/STM32CubeIDE_1.16.0/STM32CubeIDE/plugins/com.st.stm32cube.ide.mcu.externaltools.gnu-tools-for-stm32.12.3.rel1.win32_1.0.200.202406191623/tools/bin/../lib/gcc/arm-none-eabi/12.3.1/thumb/v6-m/nofp\libgcc.a(_arm_cmpsf2.o)
                0x080004a8                __aeabi_cfrcmple
                0x080004b0                __aeabi_cfcmpeq
                0x080004b0                __aeabi_cfcmple
                0x080004c0                __aeabi_fcmpeq
                0x080004cc                __aeabi_fcmplt
                0x080004e0                __aeabi_fcmple
                0x080004f4                __aeabi_fcmpgt
                0x08000508                __aeabi_fcmpge
 .text          0x0800051c       0x40 C:/ST/STM32CubeIDE_1.16.0/STM32CubeIDE/plugins/com.st.stm32cube.ide.mcu.externaltools.gnu-tools-for-stm32.12.3.rel1.win32_1.0.200.202406191623/tools/bin/../lib/gcc/arm-none-eabi/12.3.1/thumb/v6-m/nofp\libgcc.a(_aeabi_uldivmod.o)
                0x0800051c                __aeabi_uldivmod
 .text          0x0800055c       0x5c C:/ST/STM32CubeIDE_1.16.0/STM32CubeIDE/plugins/com.st.stm32cube.ide.mcu.externaltools.gnu-tools-for-stm32.12.3.rel1.win32_1.0.200.202406191623/tools/bin/../lib/gcc/arm-none-eabi/12.3.1/thumb/v6-m/nofp\libgcc.a(_muldi3.o)
                0x0800055c                __muldi3
                0x0800055c                __aeabi_lmul
 .text          0x080005b8       0x3c C:/ST/STM32CubeIDE_1.16.0/STM32CubeIDE/plugins/com.st.stm32cube.ide.mcu.externaltools.gnu-tools-for-stm32.12.3.rel1.win32_1.0.200.202406191623/tools/bin/../lib/gcc/arm-none-eabi/12.3.1/thumb/v6-m/nofp\libgcc.a(_fixunsdfsi.o)
                0x080005b8                __aeabi_d2uiz
                0x080005b8                __fixunsdfsi
 .text          0x080005f4       0x38 C:/ST/STM32CubeIDE_1.16.0/STM32CubeIDE/plugins/com.st.stm32cube.ide.mcu.externaltools.gnu-tools-for-stm32.12.3.rel1.win32_1.0.200.202406191623/tools/bin/../lib/gcc/arm-none-eabi/12.3.1/thumb/v6-m/nofp\libgcc.a(_fixdfdi.o)
                0x080005f4                __fixdfdi
                0x080005f4                __aeabi_d2lz
 .text          0x0800062c       0x3c C:/ST/STM32CubeIDE_1.16.0/STM32CubeIDE/plugins/com.st.stm32cube.ide.mcu.externaltools.gnu-tools-for-stm32.12.3.rel1.win32_1.0.200.202406191623/tools/bin/../lib/gcc/arm-none-eabi/12.3.1/thumb/v6-m/nofp\libgcc.a(_fixunsdfdi.o)
                0x0800062c                __fixunsdfdi
                0x0800062c                __aeabi_d2ulz
 .text          0x08000668       0x2c C:/ST/STM32CubeIDE_1.16.0/STM32CubeIDE/plugins/com.st.stm32cube.ide.mcu.externaltools.gnu-tools-for-stm32.12.3.rel1.win32_1.0.200.202406191623/tools/bin/../lib/gcc/arm-none-eabi/12.3.1/thumb/v6-m/nofp\libgcc.a(_floatdidf.o)
                0x08000668                __aeabi_l2d
                0x08000668                __floatdidf
 .text          0x08000694      0x198 C:/ST/STM32CubeIDE_1.16.0/STM32CubeIDE/plugins/com.st.stm32cube.ide.mcu.externaltools.gnu-tools-for-stm32.12.3.rel1.win32_1.0.200.202406191623/tools/bin/../lib/gcc/arm-none-eabi/12.3.1/thumb/v6-m/nofp\libgcc.a(_udivmoddi4.o)
                0x08000694                __udivmoddi4
 .text          0x0800082c      0x314 C:/ST/STM32CubeIDE_1.16.0/STM32CubeIDE/plugins/com.st.stm32cube.ide.mcu.externaltools.gnu-tools-for-stm32.12.3.rel1.win32_1.0.200.202406191623/tools/bin/../lib/gcc/arm-none-eabi/12.3.1/thumb/v6-m/nofp\libgcc.a(addsf3.o)
                0x0800082c                __aeabi_fadd
 .text          0x08000b40      0x240 C:/ST/STM32CubeIDE_1.16.0/STM32CubeIDE/plugins/com.st.stm32cube.ide.mcu.externaltools.gnu-tools-for-stm32.12.3.rel1.win32_1.0.200.202406191623/tools/bin/../lib/gcc/arm-none-eabi/12.3.1/thumb/v6-m/nofp\libgcc.a(divsf3.o)
                0x08000b40                __aeabi_fdiv
 .text          0x08000d80       0x50 C:/ST/STM32CubeIDE_1.16.0/STM32CubeIDE/plugins/com.st.stm32cube.ide.mcu.externaltools.gnu-tools-for-stm32.12.3.rel1.win32_1.0.200.202406191623/tools/bin/../lib/gcc/arm-none-eabi/12.3.1/thumb/v6-m/nofp\libgcc.a(eqsf2.o)
                0x08000d80                __eqsf2
                0x08000d80                __nesf2
 .text          0x08000dd0       0xa0 C:/ST/STM32CubeIDE_1.16.0/STM32CubeIDE/plugins/com.st.stm32cube.ide.mcu.externaltools.gnu-tools-for-stm32.12.3.rel1.win32_1.0.200.202406191623/tools/bin/../lib/gcc/arm-none-eabi/12.3.1/thumb/v6-m/nofp\libgcc.a(gesf2.o)
                0x08000dd0                __gesf2
                0x08000dd0                __gtsf2
 .text          0x08000e70       0x9c C:/ST/STM32CubeIDE_1.16.0/STM32CubeIDE/plugins/com.st.stm32cube.ide.mcu.externaltools.gnu-tools-for-stm32.12.3.rel1.win32_1.0.200.202406191623/tools/bin/../lib/gcc/arm-none-eabi/12.3.1/thumb/v6-m/nofp\libgcc.a(lesf2.o)
                0x08000e70                __ltsf2
                0x08000e70                __lesf2
 .text          0x08000f0c      0x27c C:/ST/STM32CubeIDE_1.16.0/STM32CubeIDE/plugins/com.st.stm32cube.ide.mcu.externaltools.gnu-tools-for-stm32.12.3.rel1.win32_1.0.200.202406191623/tools/bin/../lib/gcc/arm-none-eabi/12.3.1/thumb/v6-m/nofp\libgcc.a(mulsf3.o)
                0x08000f0c                __aeabi_fmul
 .text          0x08001188      0x348 C:/ST/STM32CubeIDE_1.16.0/STM32CubeIDE/plugins/com.st.stm32cube.ide.mcu.externaltools.gnu-tools-for-stm32.12.3.rel1.win32_1.0.200.202406191623/tools/bin/../lib/gcc/arm-none-eabi/12.3.1/thumb/v6-m/nofp\libgcc.a(subsf3.o)
                0x08001188                __aeabi_fsub
 .text          0x080014d0       0x2c C:/ST/STM32CubeIDE_1.16.0/STM32CubeIDE/plugins/com.st.stm32cube.ide.mcu.externaltools.gnu-tools-for-stm32.12.3.rel1.win32_1.0.200.202406191623/tools/bin/../lib/gcc/arm-none-eabi/12.3.1/thumb/v6-m/nofp\libgcc.a(unordsf2.o)
                0x080014d0                __aeabi_fcmpun
 .text          0x080014fc       0x40 C:/ST/STM32CubeIDE_1.16.0/STM32CubeIDE/plugins/com.st.stm32cube.ide.mcu.externaltools.gnu-tools-for-stm32.12.3.rel1.win32_1.0.200.202406191623/tools/bin/../lib/gcc/arm-none-eabi/12.3.1/thumb/v6-m/nofp\libgcc.a(fixsfsi.o)
                0x080014fc                __aeabi_f2iz
 .text          0x0800153c       0x98 C:/ST/STM32CubeIDE_1.16.0/STM32CubeIDE/plugins/com.st.stm32cube.ide.mcu.externaltools.gnu-tools-for-stm32.12.3.rel1.win32_1.0.200.202406191623/tools/bin/../lib/gcc/arm-none-eabi/12.3.1/thumb/v6-m/nofp\libgcc.a(floatsisf.o)
                0x0800153c                __aeabi_i2f
 .text          0x080015d4       0x84 C:/ST/STM32CubeIDE_1.16.0/STM32CubeIDE/plugins/com.st.stm32cube.ide.mcu.externaltools.gnu-tools-for-stm32.12.3.rel1.win32_1.0.200.202406191623/tools/bin/../lib/gcc/arm-none-eabi/12.3.1/thumb/v6-m/nofp\libgcc.a(floatunsisf.o)
                0x080015d4                __aeabi_ui2f
 .text          0x08001658      0x6c8 C:/ST/STM32CubeIDE_1.16.0/STM32CubeIDE/plugins/com.st.stm32cube.ide.mcu.externaltools.gnu-tools-for-stm32.12.3.rel1.win32_1.0.200.202406191623/tools/bin/../lib/gcc/arm-none-eabi/12.3.1/thumb/v6-m/nofp\libgcc.a(adddf3.o)
                0x08001658                __aeabi_dadd
 .text          0x08001d20      0x634 C:/ST/STM32CubeIDE_1.16.0/STM32CubeIDE/plugins/com.st.stm32cube.ide.mcu.externaltools.gnu-tools-for-stm32.12.3.rel1.win32_1.0.200.202406191623/tools/bin/../lib/gcc/arm-none-eabi/12.3.1/thumb/v6-m/nofp\libgcc.a(divdf3.o)
                0x08001d20                __aeabi_ddiv
 .text          0x08002354       0x88 C:/ST/STM32CubeIDE_1.16.0/STM32CubeIDE/plugins/com.st.stm32cube.ide.mcu.externaltools.gnu-tools-for-stm32.12.3.rel1.win32_1.0.200.202406191623/tools/bin/../lib/gcc/arm-none-eabi/12.3.1/thumb/v6-m/nofp\libgcc.a(eqdf2.o)
                0x08002354                __nedf2
                0x08002354                __eqdf2
 .text          0x080023dc       0xe8 C:/ST/STM32CubeIDE_1.16.0/STM32CubeIDE/plugins/com.st.stm32cube.ide.mcu.externaltools.gnu-tools-for-stm32.12.3.rel1.win32_1.0.200.202406191623/tools/bin/../lib/gcc/arm-none-eabi/12.3.1/thumb/v6-m/nofp\libgcc.a(gedf2.o)
                0x080023dc                __gedf2
                0x080023dc                __gtdf2
 .text          0x080024c4       0xe4 C:/ST/STM32CubeIDE_1.16.0/STM32CubeIDE/plugins/com.st.stm32cube.ide.mcu.externaltools.gnu-tools-for-stm32.12.3.rel1.win32_1.0.200.202406191623/tools/bin/../lib/gcc/arm-none-eabi/12.3.1/thumb/v6-m/nofp\libgcc.a(ledf2.o)
                0x080024c4                __ledf2
                0x080024c4                __ltdf2
 .text          0x080025a8      0x590 C:/ST/STM32CubeIDE_1.16.0/STM32CubeIDE/plugins/com.st.stm32cube.ide.mcu.externaltools.gnu-tools-for-stm32.12.3.rel1.win32_1.0.200.202406191623/tools/bin/../lib/gcc/arm-none-eabi/12.3.1/thumb/v6-m/nofp\libgcc.a(muldf3.o)
                0x080025a8                __aeabi_dmul
 .text          0x08002b38      0x738 C:/ST/STM32CubeIDE_1.16.0/STM32CubeIDE/plugins/com.st.stm32cube.ide.mcu.externaltools.gnu-tools-for-stm32.12.3.rel1.win32_1.0.200.202406191623/tools/bin/../lib/gcc/arm-none-eabi/12.3.1/thumb/v6-m/nofp\libgcc.a(subdf3.o)
                0x08002b38                __aeabi_dsub
 .text          0x08003270       0x44 C:/ST/STM32CubeIDE_1.16.0/STM32CubeIDE/plugins/com.st.stm32cube.ide.mcu.externaltools.gnu-tools-for-stm32.12.3.rel1.win32_1.0.200.202406191623/tools/bin/../lib/gcc/arm-none-eabi/12.3.1/thumb/v6-m/nofp\libgcc.a(unorddf2.o)
                0x08003270                __aeabi_dcmpun
 .text          0x080032b4       0x78 C:/ST/STM32CubeIDE_1.16.0/STM32CubeIDE/plugins/com.st.stm32cube.ide.mcu.externaltools.gnu-tools-for-stm32.12.3.rel1.win32_1.0.200.202406191623/tools/bin/../lib/gcc/arm-none-eabi/12.3.1/thumb/v6-m/nofp\libgcc.a(fixdfsi.o)
                0x080032b4                __aeabi_d2iz
 .text          0x0800332c       0x5c C:/ST/STM32CubeIDE_1.16.0/STM32CubeIDE/plugins/com.st.stm32cube.ide.mcu.externaltools.gnu-tools-for-stm32.12.3.rel1.win32_1.0.200.202406191623/tools/bin/../lib/gcc/arm-none-eabi/12.3.1/thumb/v6-m/nofp\libgcc.a(floatsidf.o)
                0x0800332c                __aeabi_i2d
 .text          0x08003388       0x48 C:/ST/STM32CubeIDE_1.16.0/STM32CubeIDE/plugins/com.st.stm32cube.ide.mcu.externaltools.gnu-tools-for-stm32.12.3.rel1.win32_1.0.200.202406191623/tools/bin/../lib/gcc/arm-none-eabi/12.3.1/thumb/v6-m/nofp\libgcc.a(floatunsidf.o)
                0x08003388                __aeabi_ui2d
 .text          0x080033d0       0x90 C:/ST/STM32CubeIDE_1.16.0/STM32CubeIDE/plugins/com.st.stm32cube.ide.mcu.externaltools.gnu-tools-for-stm32.12.3.rel1.win32_1.0.200.202406191623/tools/bin/../lib/gcc/arm-none-eabi/12.3.1/thumb/v6-m/nofp\libgcc.a(extendsfdf2.o)
                0x080033d0                __aeabi_f2d
 .text          0x08003460      0x108 C:/ST/STM32CubeIDE_1.16.0/STM32CubeIDE/plugins/com.st.stm32cube.ide.mcu.externaltools.gnu-tools-for-stm32.12.3.rel1.win32_1.0.200.202406191623/tools/bin/../lib/gcc/arm-none-eabi/12.3.1/thumb/v6-m/nofp\libgcc.a(truncdfsf2.o)
                0x08003460                __aeabi_d2f
 .text          0x08003568       0x3c C:/ST/STM32CubeIDE_1.16.0/STM32CubeIDE/plugins/com.st.stm32cube.ide.mcu.externaltools.gnu-tools-for-stm32.12.3.rel1.win32_1.0.200.202406191623/tools/bin/../lib/gcc/arm-none-eabi/12.3.1/thumb/v6-m/nofp\libgcc.a(_clzsi2.o)
                0x08003568                __clzsi2
 .text          0x080035a4       0x18 C:/ST/STM32CubeIDE_1.16.0/STM32CubeIDE/plugins/com.st.stm32cube.ide.mcu.externaltools.gnu-tools-for-stm32.12.3.rel1.win32_1.0.200.202406191623/tools/bin/../lib/gcc/arm-none-eabi/12.3.1/thumb/v6-m/nofp\libgcc.a(_clzdi2.o)
                0x080035a4                __clzdi2
 *(.text*)
 .text.MAX30102_Init
                0x080035bc       0x60 ./Core/Src/MAX30102.o
                0x080035bc                MAX30102_Init
 .text.MAX30102_ReadFifo
                0x0800361c       0x78 ./Core/Src/MAX30102.o
                0x0800361c                MAX30102_ReadFifo
 .text.MAX30102_Reset
                0x08003694       0x1c ./Core/Src/MAX30102.o
                0x08003694                MAX30102_Reset
 .text.MAX30102_SetMode
                0x080036b0       0x24 ./Core/Src/MAX30102.o
                0x080036b0                MAX30102_SetMode
 .text.MAX30102_SetSpO2Config
                0x080036d4       0x5a ./Core/Src/MAX30102.o
                0x080036d4                MAX30102_SetSpO2Config
 .text.MAX30102_SetLedPulseAmplitude
                0x0800372e       0x3c ./Core/Src/MAX30102.o
                0x0800372e                MAX30102_SetLedPulseAmplitude
 .text.MAX30102_WriteRegister
                0x0800376a       0x3e ./Core/Src/MAX30102.o
                0x0800376a                MAX30102_WriteRegister
 .text.MAX30102_ReadRegister
                0x080037a8       0x42 ./Core/Src/MAX30102.o
                0x080037a8                MAX30102_ReadRegister
 *fill*         0x080037ea        0x2 
 .text.MAX30102_ReadTemperature
                0x080037ec       0x88 ./Core/Src/MAX30102.o
                0x080037ec                MAX30102_ReadTemperature
 .text.vApplicationGetIdleTaskMemory
                0x08003874       0x30 ./Core/Src/freertos.o
                0x08003874                vApplicationGetIdleTaskMemory
 .text.MinMaxAvgStatistic_Init
                0x080038a4       0x2c ./Core/Src/main.o
                0x080038a4                MinMaxAvgStatistic_Init
 .text.MinMaxAvgStatistic_Process
                0x080038d0       0x80 ./Core/Src/main.o
                0x080038d0                MinMaxAvgStatistic_Process
 .text.MinMaxAvgStatistic_Reset
                0x08003950       0x2c ./Core/Src/main.o
                0x08003950                MinMaxAvgStatistic_Reset
 .text.MinMaxAvgStatistic_Minimum
                0x0800397c       0x14 ./Core/Src/main.o
                0x0800397c                MinMaxAvgStatistic_Minimum
 .text.MinMaxAvgStatistic_Maximum
                0x08003990       0x14 ./Core/Src/main.o
                0x08003990                MinMaxAvgStatistic_Maximum
 .text.MinMaxAvgStatistic_Average
                0x080039a4       0x2a ./Core/Src/main.o
                0x080039a4                MinMaxAvgStatistic_Average
 *fill*         0x080039ce        0x2 
 .text.HighPassFilter_Init
                0x080039d0       0x74 ./Core/Src/main.o
                0x080039d0                HighPassFilter_Init
 .text.HighPassFilter_InitWithCutoff
                0x08003a44       0x64 ./Core/Src/main.o
                0x08003a44                HighPassFilter_InitWithCutoff
 .text.HighPassFilter_Reset
                0x08003aa8       0x20 ./Core/Src/main.o
                0x08003aa8                HighPassFilter_Reset
 .text.LowPassFilter_Init
                0x08003ac8       0x54 ./Core/Src/main.o
                0x08003ac8                LowPassFilter_Init
 .text.LowPassFilter_InitWithCutoff
                0x08003b1c       0x64 ./Core/Src/main.o
                0x08003b1c                LowPassFilter_InitWithCutoff
 .text.LowPassFilter_Process
                0x08003b80       0x60 ./Core/Src/main.o
                0x08003b80                LowPassFilter_Process
 .text.LowPassFilter_Reset
                0x08003be0       0x1c ./Core/Src/main.o
                0x08003be0                LowPassFilter_Reset
 .text.Differentiator_Init
                0x08003bfc       0x24 ./Core/Src/main.o
                0x08003bfc                Differentiator_Init
 .text.Differentiator_Process
                0x08003c20       0x54 ./Core/Src/main.o
                0x08003c20                Differentiator_Process
 .text.Differentiator_Reset
                0x08003c74       0x1c ./Core/Src/main.o
                0x08003c74                Differentiator_Reset
 .text.MovingAverageFilter_Init
                0x08003c90       0x2c ./Core/Src/main.o
                0x08003c90                MovingAverageFilter_Init
 .text.MovingAverageFilter_Process
                0x08003cbc       0x9a ./Core/Src/main.o
                0x08003cbc                MovingAverageFilter_Process
 .text.MovingAverageFilter_Reset
                0x08003d56       0x1c ./Core/Src/main.o
                0x08003d56                MovingAverageFilter_Reset
 *fill*         0x08003d72        0x2 
 .text.send_uart
                0x08003d74       0x34 ./Core/Src/main.o
                0x08003d74                send_uart
 .text.log_data_to_sd
                0x08003da8      0x1dc ./Core/Src/main.o
                0x08003da8                log_data_to_sd
 .text.init_filters
                0x08003f84       0x94 ./Core/Src/main.o
                0x08003f84                init_filters
 .text.SensorTask
                0x08004018       0x58 ./Core/Src/main.o
                0x08004018                SensorTask
 .text.ProcessingTask
                0x08004070      0x330 ./Core/Src/main.o
                0x08004070                ProcessingTask
 .text.detect_heartbeat
                0x080043a0      0x240 ./Core/Src/main.o
                0x080043a0                detect_heartbeat
 .text.LoggingTask
                0x080045e0       0x44 ./Core/Src/main.o
                0x080045e0                LoggingTask
 .text.main     0x08004624      0x158 ./Core/Src/main.o
                0x08004624                main
 .text.HAL_GPIO_EXTI_Callback
                0x0800477c       0x68 ./Core/Src/main.o
                0x0800477c                HAL_GPIO_EXTI_Callback
 .text.reset_filters
                0x080047e4       0x6c ./Core/Src/main.o
                0x080047e4                reset_filters
 .text.SystemClock_Config
                0x08004850      0x100 ./Core/Src/main.o
 .text.MX_I2C1_Init
                0x08004950       0x80 ./Core/Src/main.o
 .text.MX_SPI2_Init
                0x080049d0       0x70 ./Core/Src/main.o
 .text.MX_USART2_UART_Init
                0x08004a40       0x60 ./Core/Src/main.o
 .text.MX_GPIO_Init
                0x08004aa0      0x114 ./Core/Src/main.o
 .text.HAL_TIM_PeriodElapsedCallback
                0x08004bb4       0x20 ./Core/Src/main.o
                0x08004bb4                HAL_TIM_PeriodElapsedCallback
 .text.Error_Handler
                0x08004bd4       0x24 ./Core/Src/main.o
                0x08004bd4                Error_Handler
 .text.HAL_MspInit
                0x08004bf8       0x38 ./Core/Src/stm32l0xx_hal_msp.o
                0x08004bf8                HAL_MspInit
 .text.HAL_I2C_MspInit
                0x08004c30       0x88 ./Core/Src/stm32l0xx_hal_msp.o
                0x08004c30                HAL_I2C_MspInit
 .text.HAL_SPI_MspInit
                0x08004cb8       0x8c ./Core/Src/stm32l0xx_hal_msp.o
                0x08004cb8                HAL_SPI_MspInit
 .text.HAL_UART_MspInit
                0x08004d44       0x88 ./Core/Src/stm32l0xx_hal_msp.o
                0x08004d44                HAL_UART_MspInit
 .text.HAL_InitTick
                0x08004dcc       0xf8 ./Core/Src/stm32l0xx_hal_timebase_tim.o
                0x08004dcc                HAL_InitTick
 .text.NMI_Handler
                0x08004ec4        0x8 ./Core/Src/stm32l0xx_it.o
                0x08004ec4                NMI_Handler
 .text.HardFault_Handler
                0x08004ecc        0x8 ./Core/Src/stm32l0xx_it.o
                0x08004ecc                HardFault_Handler
 .text.EXTI4_15_IRQHandler
                0x08004ed4       0x1e ./Core/Src/stm32l0xx_it.o
                0x08004ed4                EXTI4_15_IRQHandler
 *fill*         0x08004ef2        0x2 
 .text.TIM2_IRQHandler
                0x08004ef4       0x18 ./Core/Src/stm32l0xx_it.o
                0x08004ef4                TIM2_IRQHandler
 .text._getpid  0x08004f0c        0xc ./Core/Src/syscalls.o
                0x08004f0c                _getpid
 .text._kill    0x08004f18       0x20 ./Core/Src/syscalls.o
                0x08004f18                _kill
 .text._exit    0x08004f38       0x1a ./Core/Src/syscalls.o
                0x08004f38                _exit
 .text._read    0x08004f52       0x3a ./Core/Src/syscalls.o
                0x08004f52                _read
 .text._write   0x08004f8c       0x38 ./Core/Src/syscalls.o
                0x08004f8c                _write
 .text._close   0x08004fc4       0x14 ./Core/Src/syscalls.o
                0x08004fc4                _close
 .text._fstat   0x08004fd8       0x1c ./Core/Src/syscalls.o
                0x08004fd8                _fstat
 .text._isatty  0x08004ff4       0x12 ./Core/Src/syscalls.o
                0x08004ff4                _isatty
 .text._lseek   0x08005006       0x16 ./Core/Src/syscalls.o
                0x08005006                _lseek
 .text._sbrk    0x0800501c       0x6c ./Core/Src/sysmem.o
                0x0800501c                _sbrk
 .text.SystemInit
                0x08005088        0xa ./Core/Src/system_stm32l0xx.o
                0x08005088                SystemInit
 *fill*         0x08005092        0x2 
 .text.Reset_Handler
                0x08005094       0x50 ./Core/Startup/startup_stm32l073rztx.o
                0x08005094                Reset_Handler
 .text.Default_Handler
                0x080050e4        0x2 ./Core/Startup/startup_stm32l073rztx.o
                0x080050e4                TSC_IRQHandler
                0x080050e4                ADC1_COMP_IRQHandler
                0x080050e4                PVD_IRQHandler
                0x080050e4                I2C1_IRQHandler
                0x080050e4                RCC_CRS_IRQHandler
                0x080050e4                SPI1_IRQHandler
                0x080050e4                TIM6_DAC_IRQHandler
                0x080050e4                EXTI2_3_IRQHandler
                0x080050e4                I2C2_IRQHandler
                0x080050e4                RTC_IRQHandler
                0x080050e4                LCD_IRQHandler
                0x080050e4                DMA1_Channel4_5_6_7_IRQHandler
                0x080050e4                TIM3_IRQHandler
                0x080050e4                DMA1_Channel1_IRQHandler
                0x080050e4                USART4_5_IRQHandler
                0x080050e4                Default_Handler
                0x080050e4                TIM22_IRQHandler
                0x080050e4                TIM7_IRQHandler
                0x080050e4                EXTI0_1_IRQHandler
                0x080050e4                USB_IRQHandler
                0x080050e4                I2C3_IRQHandler
                0x080050e4                SPI2_IRQHandler
                0x080050e4                TIM21_IRQHandler
                0x080050e4                WWDG_IRQHandler
                0x080050e4                DMA1_Channel2_3_IRQHandler
                0x080050e4                USART2_IRQHandler
                0x080050e4                FLASH_IRQHandler
                0x080050e4                USART1_IRQHandler
                0x080050e4                RNG_LPUART1_IRQHandler
                0x080050e4                LPTIM1_IRQHandler
 *fill*         0x080050e6        0x2 
 .text.HAL_Init
                0x080050e8       0x40 ./Drivers/STM32L0xx_HAL_Driver/Src/stm32l0xx_hal.o
                0x080050e8                HAL_Init
 .text.HAL_IncTick
                0x08005128       0x24 ./Drivers/STM32L0xx_HAL_Driver/Src/stm32l0xx_hal.o
                0x08005128                HAL_IncTick
 .text.HAL_GetTick
                0x0800514c       0x14 ./Drivers/STM32L0xx_HAL_Driver/Src/stm32l0xx_hal.o
                0x0800514c                HAL_GetTick
 .text.HAL_Delay
                0x08005160       0x48 ./Drivers/STM32L0xx_HAL_Driver/Src/stm32l0xx_hal.o
                0x08005160                HAL_Delay
 .text.__NVIC_EnableIRQ
                0x080051a8       0x34 ./Drivers/STM32L0xx_HAL_Driver/Src/stm32l0xx_hal_cortex.o
 .text.__NVIC_SetPriority
                0x080051dc       0xdc ./Drivers/STM32L0xx_HAL_Driver/Src/stm32l0xx_hal_cortex.o
 .text.HAL_NVIC_SetPriority
                0x080052b8       0x2a ./Drivers/STM32L0xx_HAL_Driver/Src/stm32l0xx_hal_cortex.o
                0x080052b8                HAL_NVIC_SetPriority
 .text.HAL_NVIC_EnableIRQ
                0x080052e2       0x20 ./Drivers/STM32L0xx_HAL_Driver/Src/stm32l0xx_hal_cortex.o
                0x080052e2                HAL_NVIC_EnableIRQ
 *fill*         0x08005302        0x2 
 .text.HAL_GPIO_Init
                0x08005304      0x2fc ./Drivers/STM32L0xx_HAL_Driver/Src/stm32l0xx_hal_gpio.o
                0x08005304                HAL_GPIO_Init
 .text.HAL_GPIO_WritePin
                0x08005600       0x3a ./Drivers/STM32L0xx_HAL_Driver/Src/stm32l0xx_hal_gpio.o
                0x08005600                HAL_GPIO_WritePin
 *fill*         0x0800563a        0x2 
 .text.HAL_GPIO_EXTI_IRQHandler
                0x0800563c       0x38 ./Drivers/STM32L0xx_HAL_Driver/Src/stm32l0xx_hal_gpio.o
                0x0800563c                HAL_GPIO_EXTI_IRQHandler
 .text.HAL_I2C_Init
                0x08005674      0x12c ./Drivers/STM32L0xx_HAL_Driver/Src/stm32l0xx_hal_i2c.o
                0x08005674                HAL_I2C_Init
 .text.HAL_I2C_Mem_Write
                0x080057a0      0x25c ./Drivers/STM32L0xx_HAL_Driver/Src/stm32l0xx_hal_i2c.o
                0x080057a0                HAL_I2C_Mem_Write
 .text.HAL_I2C_Mem_Read
                0x080059fc      0x268 ./Drivers/STM32L0xx_HAL_Driver/Src/stm32l0xx_hal_i2c.o
                0x080059fc                HAL_I2C_Mem_Read
 .text.I2C_RequestMemoryWrite
                0x08005c64       0xc8 ./Drivers/STM32L0xx_HAL_Driver/Src/stm32l0xx_hal_i2c.o
 .text.I2C_RequestMemoryRead
                0x08005d2c       0xc4 ./Drivers/STM32L0xx_HAL_Driver/Src/stm32l0xx_hal_i2c.o
 .text.I2C_Flush_TXDR
                0x08005df0       0x44 ./Drivers/STM32L0xx_HAL_Driver/Src/stm32l0xx_hal_i2c.o
 .text.I2C_WaitOnFlagUntilTimeout
                0x08005e34       0x9c ./Drivers/STM32L0xx_HAL_Driver/Src/stm32l0xx_hal_i2c.o
 .text.I2C_WaitOnTXISFlagUntilTimeout
                0x08005ed0       0x8c ./Drivers/STM32L0xx_HAL_Driver/Src/stm32l0xx_hal_i2c.o
 .text.I2C_WaitOnSTOPFlagUntilTimeout
                0x08005f5c       0x86 ./Drivers/STM32L0xx_HAL_Driver/Src/stm32l0xx_hal_i2c.o
 *fill*         0x08005fe2        0x2 
 .text.I2C_IsErrorOccurred
                0x08005fe4      0x1f0 ./Drivers/STM32L0xx_HAL_Driver/Src/stm32l0xx_hal_i2c.o
 .text.I2C_TransferConfig
                0x080061d4       0x74 ./Drivers/STM32L0xx_HAL_Driver/Src/stm32l0xx_hal_i2c.o
 .text.HAL_I2CEx_ConfigAnalogFilter
                0x08006248       0x98 ./Drivers/STM32L0xx_HAL_Driver/Src/stm32l0xx_hal_i2c_ex.o
                0x08006248                HAL_I2CEx_ConfigAnalogFilter
 .text.HAL_I2CEx_ConfigDigitalFilter
                0x080062e0       0x98 ./Drivers/STM32L0xx_HAL_Driver/Src/stm32l0xx_hal_i2c_ex.o
                0x080062e0                HAL_I2CEx_ConfigDigitalFilter
 .text.HAL_PWR_EnableBkUpAccess
                0x08006378       0x1c ./Drivers/STM32L0xx_HAL_Driver/Src/stm32l0xx_hal_pwr.o
                0x08006378                HAL_PWR_EnableBkUpAccess
 .text.HAL_RCC_OscConfig
                0x08006394      0x7a8 ./Drivers/STM32L0xx_HAL_Driver/Src/stm32l0xx_hal_rcc.o
                0x08006394                HAL_RCC_OscConfig
 .text.HAL_RCC_ClockConfig
                0x08006b3c      0x290 ./Drivers/STM32L0xx_HAL_Driver/Src/stm32l0xx_hal_rcc.o
                0x08006b3c                HAL_RCC_ClockConfig
 .text.HAL_RCC_GetSysClockFreq
                0x08006dcc      0x14c ./Drivers/STM32L0xx_HAL_Driver/Src/stm32l0xx_hal_rcc.o
                0x08006dcc                HAL_RCC_GetSysClockFreq
 .text.HAL_RCC_GetHCLKFreq
                0x08006f18       0x14 ./Drivers/STM32L0xx_HAL_Driver/Src/stm32l0xx_hal_rcc.o
                0x08006f18                HAL_RCC_GetHCLKFreq
 .text.HAL_RCC_GetPCLK1Freq
                0x08006f2c       0x2c ./Drivers/STM32L0xx_HAL_Driver/Src/stm32l0xx_hal_rcc.o
                0x08006f2c                HAL_RCC_GetPCLK1Freq
 .text.HAL_RCC_GetPCLK2Freq
                0x08006f58       0x2c ./Drivers/STM32L0xx_HAL_Driver/Src/stm32l0xx_hal_rcc.o
                0x08006f58                HAL_RCC_GetPCLK2Freq
 .text.HAL_RCC_GetClockConfig
                0x08006f84       0x64 ./Drivers/STM32L0xx_HAL_Driver/Src/stm32l0xx_hal_rcc.o
                0x08006f84                HAL_RCC_GetClockConfig
 .text.HAL_RCCEx_PeriphCLKConfig
                0x08006fe8      0x33c ./Drivers/STM32L0xx_HAL_Driver/Src/stm32l0xx_hal_rcc_ex.o
                0x08006fe8                HAL_RCCEx_PeriphCLKConfig
 .text.HAL_SPI_Init
                0x08007324      0x128 ./Drivers/STM32L0xx_HAL_Driver/Src/stm32l0xx_hal_spi.o
                0x08007324                HAL_SPI_Init
 .text.HAL_SPI_Transmit
                0x0800744c      0x2ba ./Drivers/STM32L0xx_HAL_Driver/Src/stm32l0xx_hal_spi.o
                0x0800744c                HAL_SPI_Transmit
 .text.HAL_SPI_TransmitReceive
                0x08007706      0x396 ./Drivers/STM32L0xx_HAL_Driver/Src/stm32l0xx_hal_spi.o
                0x08007706                HAL_SPI_TransmitReceive
 .text.SPI_WaitFlagStateUntilTimeout
                0x08007a9c      0x11c ./Drivers/STM32L0xx_HAL_Driver/Src/stm32l0xx_hal_spi.o
 .text.SPI_EndRxTxTransaction
                0x08007bb8       0x8c ./Drivers/STM32L0xx_HAL_Driver/Src/stm32l0xx_hal_spi.o
 .text.HAL_TIM_Base_Init
                0x08007c44       0x80 ./Drivers/STM32L0xx_HAL_Driver/Src/stm32l0xx_hal_tim.o
                0x08007c44                HAL_TIM_Base_Init
 .text.HAL_TIM_Base_MspInit
                0x08007cc4       0x10 ./Drivers/STM32L0xx_HAL_Driver/Src/stm32l0xx_hal_tim.o
                0x08007cc4                HAL_TIM_Base_MspInit
 .text.HAL_TIM_Base_Start_IT
                0x08007cd4       0xa4 ./Drivers/STM32L0xx_HAL_Driver/Src/stm32l0xx_hal_tim.o
                0x08007cd4                HAL_TIM_Base_Start_IT
 .text.HAL_TIM_IRQHandler
                0x08007d78      0x1d0 ./Drivers/STM32L0xx_HAL_Driver/Src/stm32l0xx_hal_tim.o
                0x08007d78                HAL_TIM_IRQHandler
 .text.HAL_TIM_OC_DelayElapsedCallback
                0x08007f48       0x10 ./Drivers/STM32L0xx_HAL_Driver/Src/stm32l0xx_hal_tim.o
                0x08007f48                HAL_TIM_OC_DelayElapsedCallback
 .text.HAL_TIM_IC_CaptureCallback
                0x08007f58       0x10 ./Drivers/STM32L0xx_HAL_Driver/Src/stm32l0xx_hal_tim.o
                0x08007f58                HAL_TIM_IC_CaptureCallback
 .text.HAL_TIM_PWM_PulseFinishedCallback
                0x08007f68       0x10 ./Drivers/STM32L0xx_HAL_Driver/Src/stm32l0xx_hal_tim.o
                0x08007f68                HAL_TIM_PWM_PulseFinishedCallback
 .text.HAL_TIM_TriggerCallback
                0x08007f78       0x10 ./Drivers/STM32L0xx_HAL_Driver/Src/stm32l0xx_hal_tim.o
                0x08007f78                HAL_TIM_TriggerCallback
 .text.TIM_Base_SetConfig
                0x08007f88       0xbc ./Drivers/STM32L0xx_HAL_Driver/Src/stm32l0xx_hal_tim.o
 .text.HAL_UART_Init
                0x08008044       0xa8 ./Drivers/STM32L0xx_HAL_Driver/Src/stm32l0xx_hal_uart.o
                0x08008044                HAL_UART_Init
 .text.HAL_UART_Transmit
                0x080080ec      0x13e ./Drivers/STM32L0xx_HAL_Driver/Src/stm32l0xx_hal_uart.o
                0x080080ec                HAL_UART_Transmit
 *fill*         0x0800822a        0x2 
 .text.UART_SetConfig
                0x0800822c      0x53c ./Drivers/STM32L0xx_HAL_Driver/Src/stm32l0xx_hal_uart.o
                0x0800822c                UART_SetConfig
 .text.UART_AdvFeatureConfig
                0x08008768      0x168 ./Drivers/STM32L0xx_HAL_Driver/Src/stm32l0xx_hal_uart.o
                0x08008768                UART_AdvFeatureConfig
 .text.UART_CheckIdleState
                0x080088d0      0x150 ./Drivers/STM32L0xx_HAL_Driver/Src/stm32l0xx_hal_uart.o
                0x080088d0                UART_CheckIdleState
 .text.UART_WaitOnFlagUntilTimeout
                0x08008a20       0xd2 ./Drivers/STM32L0xx_HAL_Driver/Src/stm32l0xx_hal_uart.o
                0x08008a20                UART_WaitOnFlagUntilTimeout
 *fill*         0x08008af2        0x2 
 .text.UART_EndRxTransfer
                0x08008af4       0xc8 ./Drivers/STM32L0xx_HAL_Driver/Src/stm32l0xx_hal_uart.o
 .text.MX_FATFS_Init
                0x08008bbc       0x2c ./FATFS/App/fatfs.o
                0x08008bbc                MX_FATFS_Init
 .text.get_fattime
                0x08008be8        0xc ./FATFS/App/fatfs.o
                0x08008be8                get_fattime
 .text.USER_initialize
                0x08008bf4       0x20 ./FATFS/Target/user_diskio.o
                0x08008bf4                USER_initialize
 .text.USER_status
                0x08008c14       0x20 ./FATFS/Target/user_diskio.o
                0x08008c14                USER_status
 .text.USER_read
                0x08008c34       0x2e ./FATFS/Target/user_diskio.o
                0x08008c34                USER_read
 .text.USER_write
                0x08008c62       0x2e ./FATFS/Target/user_diskio.o
                0x08008c62                USER_write
 .text.USER_ioctl
                0x08008c90       0x2e ./FATFS/Target/user_diskio.o
                0x08008c90                USER_ioctl
 *fill*         0x08008cbe        0x2 
 .text.SPI_Timer_On
                0x08008cc0       0x28 ./FATFS/Target/user_diskio_spi.o
                0x08008cc0                SPI_Timer_On
 .text.SPI_Timer_Status
                0x08008ce8       0x2c ./FATFS/Target/user_diskio_spi.o
                0x08008ce8                SPI_Timer_Status
 .text.xchg_spi
                0x08008d14       0x30 ./FATFS/Target/user_diskio_spi.o
 .text.rcvr_spi_multi
                0x08008d44       0x38 ./FATFS/Target/user_diskio_spi.o
 .text.xmit_spi_multi
                0x08008d7c       0x28 ./FATFS/Target/user_diskio_spi.o
 .text.wait_ready
                0x08008da4       0x50 ./FATFS/Target/user_diskio_spi.o
 .text.despiselect
                0x08008df4       0x24 ./FATFS/Target/user_diskio_spi.o
 .text.spiselect
                0x08008e18       0x3c ./FATFS/Target/user_diskio_spi.o
 .text.rcvr_datablock
                0x08008e54       0x5e ./FATFS/Target/user_diskio_spi.o
 .text.xmit_datablock
                0x08008eb2       0x74 ./FATFS/Target/user_diskio_spi.o
 .text.send_cmd
                0x08008f26      0x11c ./FATFS/Target/user_diskio_spi.o
 *fill*         0x08009042        0x2 
 .text.USER_SPI_initialize
                0x08009044      0x230 ./FATFS/Target/user_diskio_spi.o
                0x08009044                USER_SPI_initialize
 .text.USER_SPI_status
                0x08009274       0x2c ./FATFS/Target/user_diskio_spi.o
                0x08009274                USER_SPI_status
 .text.USER_SPI_read
                0x080092a0       0xd8 ./FATFS/Target/user_diskio_spi.o
                0x080092a0                USER_SPI_read
 .text.USER_SPI_write
                0x08009378      0x100 ./FATFS/Target/user_diskio_spi.o
                0x08009378                USER_SPI_write
 .text.USER_SPI_ioctl
                0x08009478      0x328 ./FATFS/Target/user_diskio_spi.o
                0x08009478                USER_SPI_ioctl
 .text.disk_status
                0x080097a0       0x44 ./Middlewares/Third_Party/FatFs/src/diskio.o
                0x080097a0                disk_status
 .text.disk_initialize
                0x080097e4       0x60 ./Middlewares/Third_Party/FatFs/src/diskio.o
                0x080097e4                disk_initialize
 .text.disk_read
                0x08009844       0x50 ./Middlewares/Third_Party/FatFs/src/diskio.o
                0x08009844                disk_read
 .text.disk_write
                0x08009894       0x50 ./Middlewares/Third_Party/FatFs/src/diskio.o
                0x08009894                disk_write
 .text.disk_ioctl
                0x080098e4       0x50 ./Middlewares/Third_Party/FatFs/src/diskio.o
                0x080098e4                disk_ioctl
 .text.ld_word  0x08009934       0x36 ./Middlewares/Third_Party/FatFs/src/ff.o
 .text.ld_dword
                0x0800996a       0x42 ./Middlewares/Third_Party/FatFs/src/ff.o
 .text.st_word  0x080099ac       0x3c ./Middlewares/Third_Party/FatFs/src/ff.o
 .text.st_dword
                0x080099e8       0x54 ./Middlewares/Third_Party/FatFs/src/ff.o
 .text.mem_cpy  0x08009a3c       0x3e ./Middlewares/Third_Party/FatFs/src/ff.o
 .text.mem_set  0x08009a7a       0x32 ./Middlewares/Third_Party/FatFs/src/ff.o
 .text.mem_cmp  0x08009aac       0x4a ./Middlewares/Third_Party/FatFs/src/ff.o
 .text.chk_chr  0x08009af6       0x32 ./Middlewares/Third_Party/FatFs/src/ff.o
 .text.lock_fs  0x08009b28       0x2a ./Middlewares/Third_Party/FatFs/src/ff.o
 .text.unlock_fs
                0x08009b52       0x3e ./Middlewares/Third_Party/FatFs/src/ff.o
 .text.chk_lock
                0x08009b90       0xb0 ./Middlewares/Third_Party/FatFs/src/ff.o
 .text.enq_lock
                0x08009c40       0x3c ./Middlewares/Third_Party/FatFs/src/ff.o
 .text.inc_lock
                0x08009c7c      0x114 ./Middlewares/Third_Party/FatFs/src/ff.o
 .text.dec_lock
                0x08009d90       0x94 ./Middlewares/Third_Party/FatFs/src/ff.o
 .text.clear_lock
                0x08009e24       0x40 ./Middlewares/Third_Party/FatFs/src/ff.o
 .text.sync_window
                0x08009e64       0x90 ./Middlewares/Third_Party/FatFs/src/ff.o
 .text.move_window
                0x08009ef4       0x6a ./Middlewares/Third_Party/FatFs/src/ff.o
 *fill*         0x08009f5e        0x2 
 .text.sync_fs  0x08009f60       0xf8 ./Middlewares/Third_Party/FatFs/src/ff.o
 .text.clust2sect
                0x0800a058       0x38 ./Middlewares/Third_Party/FatFs/src/ff.o
 .text.get_fat  0x0800a090      0x154 ./Middlewares/Third_Party/FatFs/src/ff.o
 .text.put_fat  0x0800a1e4      0x202 ./Middlewares/Third_Party/FatFs/src/ff.o
 .text.remove_chain
                0x0800a3e6       0xe6 ./Middlewares/Third_Party/FatFs/src/ff.o
 .text.create_chain
                0x0800a4cc      0x14c ./Middlewares/Third_Party/FatFs/src/ff.o
 .text.clmt_clust
                0x0800a618       0x6a ./Middlewares/Third_Party/FatFs/src/ff.o
 .text.dir_sdi  0x0800a682       0xfc ./Middlewares/Third_Party/FatFs/src/ff.o
 .text.dir_next
                0x0800a77e      0x192 ./Middlewares/Third_Party/FatFs/src/ff.o
 .text.dir_alloc
                0x0800a910       0xb0 ./Middlewares/Third_Party/FatFs/src/ff.o
 .text.ld_clust
                0x0800a9c0       0x3e ./Middlewares/Third_Party/FatFs/src/ff.o
 .text.st_clust
                0x0800a9fe       0x40 ./Middlewares/Third_Party/FatFs/src/ff.o
 .text.dir_read
                0x0800aa3e       0xf0 ./Middlewares/Third_Party/FatFs/src/ff.o
 .text.dir_find
                0x0800ab2e       0xd0 ./Middlewares/Third_Party/FatFs/src/ff.o
 .text.dir_register
                0x0800abfe       0x76 ./Middlewares/Third_Party/FatFs/src/ff.o
 .text.dir_remove
                0x0800ac74       0x48 ./Middlewares/Third_Party/FatFs/src/ff.o
 .text.create_name
                0x0800acbc      0x160 ./Middlewares/Third_Party/FatFs/src/ff.o
 .text.follow_path
                0x0800ae1c      0x10a ./Middlewares/Third_Party/FatFs/src/ff.o
 .text.get_ldnumber
                0x0800af26       0x84 ./Middlewares/Third_Party/FatFs/src/ff.o
 *fill*         0x0800afaa        0x2 
 .text.check_fs
                0x0800afac       0xb0 ./Middlewares/Third_Party/FatFs/src/ff.o
 .text.find_volume
                0x0800b05c      0x4f0 ./Middlewares/Third_Party/FatFs/src/ff.o
 .text.validate
                0x0800b54c       0x9e ./Middlewares/Third_Party/FatFs/src/ff.o
 *fill*         0x0800b5ea        0x2 
 .text.f_mount  0x0800b5ec       0xd0 ./Middlewares/Third_Party/FatFs/src/ff.o
                0x0800b5ec                f_mount
 .text.f_open   0x0800b6bc      0x3f6 ./Middlewares/Third_Party/FatFs/src/ff.o
                0x0800b6bc                f_open
 .text.f_write  0x0800bab2      0x352 ./Middlewares/Third_Party/FatFs/src/ff.o
                0x0800bab2                f_write
 .text.f_sync   0x0800be04      0x12a ./Middlewares/Third_Party/FatFs/src/ff.o
                0x0800be04                f_sync
 .text.f_close  0x0800bf2e       0x72 ./Middlewares/Third_Party/FatFs/src/ff.o
                0x0800bf2e                f_close
 .text.f_unlink
                0x0800bfa0      0x184 ./Middlewares/Third_Party/FatFs/src/ff.o
                0x0800bfa0                f_unlink
 .text.FATFS_LinkDriverEx
                0x0800c124       0xa8 ./Middlewares/Third_Party/FatFs/src/ff_gen_drv.o
                0x0800c124                FATFS_LinkDriverEx
 .text.FATFS_LinkDriver
                0x0800c1cc       0x20 ./Middlewares/Third_Party/FatFs/src/ff_gen_drv.o
                0x0800c1cc                FATFS_LinkDriver
 .text.ff_cre_syncobj
                0x0800c1ec       0x42 ./Middlewares/Third_Party/FatFs/src/option/syscall.o
                0x0800c1ec                ff_cre_syncobj
 .text.ff_del_syncobj
                0x0800c22e       0x1a ./Middlewares/Third_Party/FatFs/src/option/syscall.o
                0x0800c22e                ff_del_syncobj
 .text.ff_req_grant
                0x0800c248       0x2c ./Middlewares/Third_Party/FatFs/src/option/syscall.o
                0x0800c248                ff_req_grant
 .text.ff_rel_grant
                0x0800c274       0x18 ./Middlewares/Third_Party/FatFs/src/option/syscall.o
                0x0800c274                ff_rel_grant
 .text.makeFreeRtosPriority
                0x0800c28c       0x32 ./Middlewares/Third_Party/FreeRTOS/Source/CMSIS_RTOS/cmsis_os.o
 .text.inHandlerMode
                0x0800c2be       0x1c ./Middlewares/Third_Party/FreeRTOS/Source/CMSIS_RTOS/cmsis_os.o
 .text.osKernelStart
                0x0800c2da       0x10 ./Middlewares/Third_Party/FreeRTOS/Source/CMSIS_RTOS/cmsis_os.o
                0x0800c2da                osKernelStart
 .text.osThreadCreate
                0x0800c2ea       0x9a ./Middlewares/Third_Party/FreeRTOS/Source/CMSIS_RTOS/cmsis_os.o
                0x0800c2ea                osThreadCreate
 .text.osMutexCreate
                0x0800c384       0x30 ./Middlewares/Third_Party/FreeRTOS/Source/CMSIS_RTOS/cmsis_os.o
                0x0800c384                osMutexCreate
 .text.osMutexWait
                0x0800c3b4       0x94 ./Middlewares/Third_Party/FreeRTOS/Source/CMSIS_RTOS/cmsis_os.o
                0x0800c3b4                osMutexWait
 .text.osMutexRelease
                0x0800c448       0x64 ./Middlewares/Third_Party/FreeRTOS/Source/CMSIS_RTOS/cmsis_os.o
                0x0800c448                osMutexRelease
 .text.osSemaphoreCreate
                0x0800c4ac       0x66 ./Middlewares/Third_Party/FreeRTOS/Source/CMSIS_RTOS/cmsis_os.o
                0x0800c4ac                osSemaphoreCreate
 *fill*         0x0800c512        0x2 
 .text.osSemaphoreWait
                0x0800c514       0x94 ./Middlewares/Third_Party/FreeRTOS/Source/CMSIS_RTOS/cmsis_os.o
                0x0800c514                osSemaphoreWait
 .text.osSemaphoreRelease
                0x0800c5a8       0x64 ./Middlewares/Third_Party/FreeRTOS/Source/CMSIS_RTOS/cmsis_os.o
                0x0800c5a8                osSemaphoreRelease
 .text.osSemaphoreDelete
                0x0800c60c       0x26 ./Middlewares/Third_Party/FreeRTOS/Source/CMSIS_RTOS/cmsis_os.o
                0x0800c60c                osSemaphoreDelete
 .text.osMessageCreate
                0x0800c632       0x50 ./Middlewares/Third_Party/FreeRTOS/Source/CMSIS_RTOS/cmsis_os.o
                0x0800c632                osMessageCreate
 *fill*         0x0800c682        0x2 
 .text.osMessagePut
                0x0800c684       0x78 ./Middlewares/Third_Party/FreeRTOS/Source/CMSIS_RTOS/cmsis_os.o
                0x0800c684                osMessagePut
 .text.osMessageGet
                0x0800c6fc       0xe0 ./Middlewares/Third_Party/FreeRTOS/Source/CMSIS_RTOS/cmsis_os.o
                0x0800c6fc                osMessageGet
 .text.vListInitialise
                0x0800c7dc       0x3c ./Middlewares/Third_Party/FreeRTOS/Source/list.o
                0x0800c7dc                vListInitialise
 .text.vListInitialiseItem
                0x0800c818       0x16 ./Middlewares/Third_Party/FreeRTOS/Source/list.o
                0x0800c818                vListInitialiseItem
 .text.vListInsertEnd
                0x0800c82e       0x44 ./Middlewares/Third_Party/FreeRTOS/Source/list.o
                0x0800c82e                vListInsertEnd
 .text.vListInsert
                0x0800c872       0x6c ./Middlewares/Third_Party/FreeRTOS/Source/list.o
                0x0800c872                vListInsert
 .text.uxListRemove
                0x0800c8de       0x50 ./Middlewares/Third_Party/FreeRTOS/Source/list.o
                0x0800c8de                uxListRemove
 .text.xQueueGenericReset
                0x0800c92e       0xaa ./Middlewares/Third_Party/FreeRTOS/Source/queue.o
                0x0800c92e                xQueueGenericReset
 .text.xQueueGenericCreateStatic
                0x0800c9d8       0xa2 ./Middlewares/Third_Party/FreeRTOS/Source/queue.o
                0x0800c9d8                xQueueGenericCreateStatic
 .text.xQueueGenericCreate
                0x0800ca7a       0x72 ./Middlewares/Third_Party/FreeRTOS/Source/queue.o
                0x0800ca7a                xQueueGenericCreate
 .text.prvInitialiseNewQueue
                0x0800caec       0x44 ./Middlewares/Third_Party/FreeRTOS/Source/queue.o
 .text.prvInitialiseMutex
                0x0800cb30       0x34 ./Middlewares/Third_Party/FreeRTOS/Source/queue.o
 .text.xQueueCreateMutex
                0x0800cb64       0x38 ./Middlewares/Third_Party/FreeRTOS/Source/queue.o
                0x0800cb64                xQueueCreateMutex
 .text.xQueueCreateMutexStatic
                0x0800cb9c       0x40 ./Middlewares/Third_Party/FreeRTOS/Source/queue.o
                0x0800cb9c                xQueueCreateMutexStatic
 .text.xQueueGenericSend
                0x0800cbdc      0x190 ./Middlewares/Third_Party/FreeRTOS/Source/queue.o
                0x0800cbdc                xQueueGenericSend
 .text.xQueueGenericSendFromISR
                0x0800cd6c       0xe8 ./Middlewares/Third_Party/FreeRTOS/Source/queue.o
                0x0800cd6c                xQueueGenericSendFromISR
 .text.xQueueGiveFromISR
                0x0800ce54       0xd0 ./Middlewares/Third_Party/FreeRTOS/Source/queue.o
                0x0800ce54                xQueueGiveFromISR
 .text.xQueueReceive
                0x0800cf24      0x170 ./Middlewares/Third_Party/FreeRTOS/Source/queue.o
                0x0800cf24                xQueueReceive
 .text.xQueueSemaphoreTake
                0x0800d094      0x1bc ./Middlewares/Third_Party/FreeRTOS/Source/queue.o
                0x0800d094                xQueueSemaphoreTake
 .text.xQueueReceiveFromISR
                0x0800d250       0xca ./Middlewares/Third_Party/FreeRTOS/Source/queue.o
                0x0800d250                xQueueReceiveFromISR
 .text.vQueueDelete
                0x0800d31a       0x3a ./Middlewares/Third_Party/FreeRTOS/Source/queue.o
                0x0800d31a                vQueueDelete
 .text.prvGetDisinheritPriorityAfterTimeout
                0x0800d354       0x2c ./Middlewares/Third_Party/FreeRTOS/Source/queue.o
 .text.prvCopyDataToQueue
                0x0800d380       0xd6 ./Middlewares/Third_Party/FreeRTOS/Source/queue.o
 .text.prvCopyDataFromQueue
                0x0800d456       0x4c ./Middlewares/Third_Party/FreeRTOS/Source/queue.o
 .text.prvUnlockQueue
                0x0800d4a2       0xbc ./Middlewares/Third_Party/FreeRTOS/Source/queue.o
 .text.prvIsQueueEmpty
                0x0800d55e       0x2c ./Middlewares/Third_Party/FreeRTOS/Source/queue.o
 .text.prvIsQueueFull
                0x0800d58a       0x30 ./Middlewares/Third_Party/FreeRTOS/Source/queue.o
 *fill*         0x0800d5ba        0x2 
 .text.vQueueUnregisterQueue
                0x0800d5bc       0x54 ./Middlewares/Third_Party/FreeRTOS/Source/queue.o
                0x0800d5bc                vQueueUnregisterQueue
 .text.xTaskCreateStatic
                0x0800d610       0x8e ./Middlewares/Third_Party/FreeRTOS/Source/tasks.o
                0x0800d610                xTaskCreateStatic
 .text.xTaskCreate
                0x0800d69e       0x98 ./Middlewares/Third_Party/FreeRTOS/Source/tasks.o
                0x0800d69e                xTaskCreate
 *fill*         0x0800d736        0x2 
 .text.prvInitialiseNewTask
                0x0800d738      0x104 ./Middlewares/Third_Party/FreeRTOS/Source/tasks.o
 .text.prvAddNewTaskToReadyList
                0x0800d83c       0xc8 ./Middlewares/Third_Party/FreeRTOS/Source/tasks.o
 .text.vTaskStartScheduler
                0x0800d904       0x9c ./Middlewares/Third_Party/FreeRTOS/Source/tasks.o
                0x0800d904                vTaskStartScheduler
 .text.vTaskSuspendAll
                0x0800d9a0       0x18 ./Middlewares/Third_Party/FreeRTOS/Source/tasks.o
                0x0800d9a0                vTaskSuspendAll
 .text.xTaskResumeAll
                0x0800d9b8      0x118 ./Middlewares/Third_Party/FreeRTOS/Source/tasks.o
                0x0800d9b8                xTaskResumeAll
 .text.xTaskIncrementTick
                0x0800dad0      0x160 ./Middlewares/Third_Party/FreeRTOS/Source/tasks.o
                0x0800dad0                xTaskIncrementTick
 .text.vTaskSwitchContext
                0x0800dc30       0xa4 ./Middlewares/Third_Party/FreeRTOS/Source/tasks.o
                0x0800dc30                vTaskSwitchContext
 .text.vTaskPlaceOnEventList
                0x0800dcd4       0x40 ./Middlewares/Third_Party/FreeRTOS/Source/tasks.o
                0x0800dcd4                vTaskPlaceOnEventList
 .text.xTaskRemoveFromEventList
                0x0800dd14       0xbc ./Middlewares/Third_Party/FreeRTOS/Source/tasks.o
                0x0800dd14                xTaskRemoveFromEventList
 .text.vTaskInternalSetTimeOutState
                0x0800ddd0       0x28 ./Middlewares/Third_Party/FreeRTOS/Source/tasks.o
                0x0800ddd0                vTaskInternalSetTimeOutState
 .text.xTaskCheckForTimeOut
                0x0800ddf8       0xa4 ./Middlewares/Third_Party/FreeRTOS/Source/tasks.o
                0x0800ddf8                xTaskCheckForTimeOut
 .text.vTaskMissedYield
                0x0800de9c       0x14 ./Middlewares/Third_Party/FreeRTOS/Source/tasks.o
                0x0800de9c                vTaskMissedYield
 .text.prvIdleTask
                0x0800deb0       0x20 ./Middlewares/Third_Party/FreeRTOS/Source/tasks.o
 .text.prvInitialiseTaskLists
                0x0800ded0       0x88 ./Middlewares/Third_Party/FreeRTOS/Source/tasks.o
 .text.prvCheckTasksWaitingTermination
                0x0800df58       0x5c ./Middlewares/Third_Party/FreeRTOS/Source/tasks.o
 .text.prvDeleteTCB
                0x0800dfb4       0x52 ./Middlewares/Third_Party/FreeRTOS/Source/tasks.o
 *fill*         0x0800e006        0x2 
 .text.prvResetNextTaskUnblockTime
                0x0800e008       0x3c ./Middlewares/Third_Party/FreeRTOS/Source/tasks.o
 .text.xTaskGetSchedulerState
                0x0800e044       0x38 ./Middlewares/Third_Party/FreeRTOS/Source/tasks.o
                0x0800e044                xTaskGetSchedulerState
 .text.xTaskPriorityInherit
                0x0800e07c       0xd0 ./Middlewares/Third_Party/FreeRTOS/Source/tasks.o
                0x0800e07c                xTaskPriorityInherit
 .text.xTaskPriorityDisinherit
                0x0800e14c       0xbc ./Middlewares/Third_Party/FreeRTOS/Source/tasks.o
                0x0800e14c                xTaskPriorityDisinherit
 .text.vTaskPriorityDisinheritAfterTimeout
                0x0800e208       0xe4 ./Middlewares/Third_Party/FreeRTOS/Source/tasks.o
                0x0800e208                vTaskPriorityDisinheritAfterTimeout
 .text.pvTaskIncrementMutexHeldCount
                0x0800e2ec       0x24 ./Middlewares/Third_Party/FreeRTOS/Source/tasks.o
                0x0800e2ec                pvTaskIncrementMutexHeldCount
 .text.prvAddCurrentTaskToDelayedList
                0x0800e310       0xa8 ./Middlewares/Third_Party/FreeRTOS/Source/tasks.o
 .text.pxPortInitialiseStack
                0x0800e3b8       0x54 ./Middlewares/Third_Party/FreeRTOS/Source/portable/GCC/ARM_CM0/port.o
                0x0800e3b8                pxPortInitialiseStack
 .text.prvTaskExitError
                0x0800e40c       0x30 ./Middlewares/Third_Party/FreeRTOS/Source/portable/GCC/ARM_CM0/port.o
 .text.SVC_Handler
                0x0800e43c        0xa ./Middlewares/Third_Party/FreeRTOS/Source/portable/GCC/ARM_CM0/port.o
                0x0800e43c                SVC_Handler
 *fill*         0x0800e446        0xa 
 .text.vPortStartFirstTask
                0x0800e450       0x38 ./Middlewares/Third_Party/FreeRTOS/Source/portable/GCC/ARM_CM0/port.o
 .text.xPortStartScheduler
                0x0800e488       0x48 ./Middlewares/Third_Party/FreeRTOS/Source/portable/GCC/ARM_CM0/port.o
                0x0800e488                xPortStartScheduler
 .text.vPortYield
                0x0800e4d0       0x20 ./Middlewares/Third_Party/FreeRTOS/Source/portable/GCC/ARM_CM0/port.o
                0x0800e4d0                vPortYield
 .text.vPortEnterCritical
                0x0800e4f0       0x24 ./Middlewares/Third_Party/FreeRTOS/Source/portable/GCC/ARM_CM0/port.o
                0x0800e4f0                vPortEnterCritical
 .text.vPortExitCritical
                0x0800e514       0x30 ./Middlewares/Third_Party/FreeRTOS/Source/portable/GCC/ARM_CM0/port.o
                0x0800e514                vPortExitCritical
 .text.ulSetInterruptMaskFromISR
                0x0800e544        0xc ./Middlewares/Third_Party/FreeRTOS/Source/portable/GCC/ARM_CM0/port.o
                0x0800e544                ulSetInterruptMaskFromISR
 .text.vClearInterruptMaskFromISR
                0x0800e550        0x8 ./Middlewares/Third_Party/FreeRTOS/Source/portable/GCC/ARM_CM0/port.o
                0x0800e550                vClearInterruptMaskFromISR
 *fill*         0x0800e558        0x8 
 .text.PendSV_Handler
                0x0800e560       0x48 ./Middlewares/Third_Party/FreeRTOS/Source/portable/GCC/ARM_CM0/port.o
                0x0800e560                PendSV_Handler
 .text.SysTick_Handler
                0x0800e5a8       0x34 ./Middlewares/Third_Party/FreeRTOS/Source/portable/GCC/ARM_CM0/port.o
                0x0800e5a8                SysTick_Handler
 .text.prvSetupTimerInterrupt
                0x0800e5dc       0x44 ./Middlewares/Third_Party/FreeRTOS/Source/portable/GCC/ARM_CM0/port.o
 .text.pvPortMalloc
                0x0800e620      0x150 ./Middlewares/Third_Party/FreeRTOS/Source/portable/MemMang/heap_4.o
                0x0800e620                pvPortMalloc
 .text.vPortFree
                0x0800e770       0x94 ./Middlewares/Third_Party/FreeRTOS/Source/portable/MemMang/heap_4.o
                0x0800e770                vPortFree
 .text.prvHeapInit
                0x0800e804       0xc0 ./Middlewares/Third_Party/FreeRTOS/Source/portable/MemMang/heap_4.o
 .text.prvInsertBlockIntoFreeList
                0x0800e8c4       0xb0 ./Middlewares/Third_Party/FreeRTOS/Source/portable/MemMang/heap_4.o
 .text.__cvt    0x0800e974       0xcc C:/ST/STM32CubeIDE_1.16.0/STM32CubeIDE/plugins/com.st.stm32cube.ide.mcu.externaltools.gnu-tools-for-stm32.12.3.rel1.win32_1.0.200.202406191623/tools/bin/../lib/gcc/arm-none-eabi/12.3.1/../../../../arm-none-eabi/lib/thumb/v6-m/nofp\libc_nano.a(libc_a-nano-vfprintf_float.o)
                0x0800e974                __cvt
 .text.__exponent
                0x0800ea40       0x80 C:/ST/STM32CubeIDE_1.16.0/STM32CubeIDE/plugins/com.st.stm32cube.ide.mcu.externaltools.gnu-tools-for-stm32.12.3.rel1.win32_1.0.200.202406191623/tools/bin/../lib/gcc/arm-none-eabi/12.3.1/../../../../arm-none-eabi/lib/thumb/v6-m/nofp\libc_nano.a(libc_a-nano-vfprintf_float.o)
                0x0800ea40                __exponent
 .text._printf_float
                0x0800eac0      0x47c C:/ST/STM32CubeIDE_1.16.0/STM32CubeIDE/plugins/com.st.stm32cube.ide.mcu.externaltools.gnu-tools-for-stm32.12.3.rel1.win32_1.0.200.202406191623/tools/bin/../lib/gcc/arm-none-eabi/12.3.1/../../../../arm-none-eabi/lib/thumb/v6-m/nofp\libc_nano.a(libc_a-nano-vfprintf_float.o)
                0x0800eac0                _printf_float
 .text._printf_common
                0x0800ef3c       0xde C:/ST/STM32CubeIDE_1.16.0/STM32CubeIDE/plugins/com.st.stm32cube.ide.mcu.externaltools.gnu-tools-for-stm32.12.3.rel1.win32_1.0.200.202406191623/tools/bin/../lib/gcc/arm-none-eabi/12.3.1/../../../../arm-none-eabi/lib/thumb/v6-m/nofp\libc_nano.a(libc_a-nano-vfprintf_i.o)
                0x0800ef3c                _printf_common
 *fill*         0x0800f01a        0x2 
 .text._printf_i
                0x0800f01c      0x21c C:/ST/STM32CubeIDE_1.16.0/STM32CubeIDE/plugins/com.st.stm32cube.ide.mcu.externaltools.gnu-tools-for-stm32.12.3.rel1.win32_1.0.200.202406191623/tools/bin/../lib/gcc/arm-none-eabi/12.3.1/../../../../arm-none-eabi/lib/thumb/v6-m/nofp\libc_nano.a(libc_a-nano-vfprintf_i.o)
                0x0800f01c                _printf_i
 .text._scanf_float
                0x0800f238      0x41c C:/ST/STM32CubeIDE_1.16.0/STM32CubeIDE/plugins/com.st.stm32cube.ide.mcu.externaltools.gnu-tools-for-stm32.12.3.rel1.win32_1.0.200.202406191623/tools/bin/../lib/gcc/arm-none-eabi/12.3.1/../../../../arm-none-eabi/lib/thumb/v6-m/nofp\libc_nano.a(libc_a-nano-vfscanf_float.o)
                0x0800f238                _scanf_float
 .text.std      0x0800f654       0x6c C:/ST/STM32CubeIDE_1.16.0/STM32CubeIDE/plugins/com.st.stm32cube.ide.mcu.externaltools.gnu-tools-for-stm32.12.3.rel1.win32_1.0.200.202406191623/tools/bin/../lib/gcc/arm-none-eabi/12.3.1/../../../../arm-none-eabi/lib/thumb/v6-m/nofp\libc_nano.a(libc_a-findfp.o)
 .text.stdio_exit_handler
                0x0800f6c0       0x1c C:/ST/STM32CubeIDE_1.16.0/STM32CubeIDE/plugins/com.st.stm32cube.ide.mcu.externaltools.gnu-tools-for-stm32.12.3.rel1.win32_1.0.200.202406191623/tools/bin/../lib/gcc/arm-none-eabi/12.3.1/../../../../arm-none-eabi/lib/thumb/v6-m/nofp\libc_nano.a(libc_a-findfp.o)
 .text.cleanup_stdio
                0x0800f6dc       0x3c C:/ST/STM32CubeIDE_1.16.0/STM32CubeIDE/plugins/com.st.stm32cube.ide.mcu.externaltools.gnu-tools-for-stm32.12.3.rel1.win32_1.0.200.202406191623/tools/bin/../lib/gcc/arm-none-eabi/12.3.1/../../../../arm-none-eabi/lib/thumb/v6-m/nofp\libc_nano.a(libc_a-findfp.o)
 .text.global_stdio_init.part.0
                0x0800f718       0x3c C:/ST/STM32CubeIDE_1.16.0/STM32CubeIDE/plugins/com.st.stm32cube.ide.mcu.externaltools.gnu-tools-for-stm32.12.3.rel1.win32_1.0.200.202406191623/tools/bin/../lib/gcc/arm-none-eabi/12.3.1/../../../../arm-none-eabi/lib/thumb/v6-m/nofp\libc_nano.a(libc_a-findfp.o)
 .text.__sfp_lock_acquire
                0x0800f754       0x10 C:/ST/STM32CubeIDE_1.16.0/STM32CubeIDE/plugins/com.st.stm32cube.ide.mcu.externaltools.gnu-tools-for-stm32.12.3.rel1.win32_1.0.200.202406191623/tools/bin/../lib/gcc/arm-none-eabi/12.3.1/../../../../arm-none-eabi/lib/thumb/v6-m/nofp\libc_nano.a(libc_a-findfp.o)
                0x0800f754                __sfp_lock_acquire
 .text.__sfp_lock_release
                0x0800f764       0x10 C:/ST/STM32CubeIDE_1.16.0/STM32CubeIDE/plugins/com.st.stm32cube.ide.mcu.externaltools.gnu-tools-for-stm32.12.3.rel1.win32_1.0.200.202406191623/tools/bin/../lib/gcc/arm-none-eabi/12.3.1/../../../../arm-none-eabi/lib/thumb/v6-m/nofp\libc_nano.a(libc_a-findfp.o)
                0x0800f764                __sfp_lock_release
 .text.__sinit  0x0800f774       0x30 C:/ST/STM32CubeIDE_1.16.0/STM32CubeIDE/plugins/com.st.stm32cube.ide.mcu.externaltools.gnu-tools-for-stm32.12.3.rel1.win32_1.0.200.202406191623/tools/bin/../lib/gcc/arm-none-eabi/12.3.1/../../../../arm-none-eabi/lib/thumb/v6-m/nofp\libc_nano.a(libc_a-findfp.o)
                0x0800f774                __sinit
 .text._fwalk_sglue
                0x0800f7a4       0x38 C:/ST/STM32CubeIDE_1.16.0/STM32CubeIDE/plugins/com.st.stm32cube.ide.mcu.externaltools.gnu-tools-for-stm32.12.3.rel1.win32_1.0.200.202406191623/tools/bin/../lib/gcc/arm-none-eabi/12.3.1/../../../../arm-none-eabi/lib/thumb/v6-m/nofp\libc_nano.a(libc_a-fwalk.o)
                0x0800f7a4                _fwalk_sglue
 .text.snprintf
                0x0800f7dc       0x68 C:/ST/STM32CubeIDE_1.16.0/STM32CubeIDE/plugins/com.st.stm32cube.ide.mcu.externaltools.gnu-tools-for-stm32.12.3.rel1.win32_1.0.200.202406191623/tools/bin/../lib/gcc/arm-none-eabi/12.3.1/../../../../arm-none-eabi/lib/thumb/v6-m/nofp\libc_nano.a(libc_a-snprintf.o)
                0x0800f7dc                sniprintf
                0x0800f7dc                snprintf
 .text.sprintf  0x0800f844       0x40 C:/ST/STM32CubeIDE_1.16.0/STM32CubeIDE/plugins/com.st.stm32cube.ide.mcu.externaltools.gnu-tools-for-stm32.12.3.rel1.win32_1.0.200.202406191623/tools/bin/../lib/gcc/arm-none-eabi/12.3.1/../../../../arm-none-eabi/lib/thumb/v6-m/nofp\libc_nano.a(libc_a-sprintf.o)
                0x0800f844                siprintf
                0x0800f844                sprintf
 .text.__sread  0x0800f884       0x28 C:/ST/STM32CubeIDE_1.16.0/STM32CubeIDE/plugins/com.st.stm32cube.ide.mcu.externaltools.gnu-tools-for-stm32.12.3.rel1.win32_1.0.200.202406191623/tools/bin/../lib/gcc/arm-none-eabi/12.3.1/../../../../arm-none-eabi/lib/thumb/v6-m/nofp\libc_nano.a(libc_a-stdio.o)
                0x0800f884                __sread
 .text.__swrite
                0x0800f8ac       0x38 C:/ST/STM32CubeIDE_1.16.0/STM32CubeIDE/plugins/com.st.stm32cube.ide.mcu.externaltools.gnu-tools-for-stm32.12.3.rel1.win32_1.0.200.202406191623/tools/bin/../lib/gcc/arm-none-eabi/12.3.1/../../../../arm-none-eabi/lib/thumb/v6-m/nofp\libc_nano.a(libc_a-stdio.o)
                0x0800f8ac                __swrite
 .text.__sseek  0x0800f8e4       0x2c C:/ST/STM32CubeIDE_1.16.0/STM32CubeIDE/plugins/com.st.stm32cube.ide.mcu.externaltools.gnu-tools-for-stm32.12.3.rel1.win32_1.0.200.202406191623/tools/bin/../lib/gcc/arm-none-eabi/12.3.1/../../../../arm-none-eabi/lib/thumb/v6-m/nofp\libc_nano.a(libc_a-stdio.o)
                0x0800f8e4                __sseek
 .text.__sclose
                0x0800f910        0xc C:/ST/STM32CubeIDE_1.16.0/STM32CubeIDE/plugins/com.st.stm32cube.ide.mcu.externaltools.gnu-tools-for-stm32.12.3.rel1.win32_1.0.200.202406191623/tools/bin/../lib/gcc/arm-none-eabi/12.3.1/../../../../arm-none-eabi/lib/thumb/v6-m/nofp\libc_nano.a(libc_a-stdio.o)
                0x0800f910                __sclose
 .text.memset   0x0800f91c       0x10 C:/ST/STM32CubeIDE_1.16.0/STM32CubeIDE/plugins/com.st.stm32cube.ide.mcu.externaltools.gnu-tools-for-stm32.12.3.rel1.win32_1.0.200.202406191623/tools/bin/../lib/gcc/arm-none-eabi/12.3.1/../../../../arm-none-eabi/lib/thumb/v6-m/nofp\libc_nano.a(libc_a-memset.o)
                0x0800f91c                memset
 .text._localeconv_r
                0x0800f92c        0x8 C:/ST/STM32CubeIDE_1.16.0/STM32CubeIDE/plugins/com.st.stm32cube.ide.mcu.externaltools.gnu-tools-for-stm32.12.3.rel1.win32_1.0.200.202406191623/tools/bin/../lib/gcc/arm-none-eabi/12.3.1/../../../../arm-none-eabi/lib/thumb/v6-m/nofp\libc_nano.a(libc_a-localeconv.o)
                0x0800f92c                _localeconv_r
 .text._close_r
                0x0800f934       0x24 C:/ST/STM32CubeIDE_1.16.0/STM32CubeIDE/plugins/com.st.stm32cube.ide.mcu.externaltools.gnu-tools-for-stm32.12.3.rel1.win32_1.0.200.202406191623/tools/bin/../lib/gcc/arm-none-eabi/12.3.1/../../../../arm-none-eabi/lib/thumb/v6-m/nofp\libc_nano.a(libc_a-closer.o)
                0x0800f934                _close_r
 .text._lseek_r
                0x0800f958       0x28 C:/ST/STM32CubeIDE_1.16.0/STM32CubeIDE/plugins/com.st.stm32cube.ide.mcu.externaltools.gnu-tools-for-stm32.12.3.rel1.win32_1.0.200.202406191623/tools/bin/../lib/gcc/arm-none-eabi/12.3.1/../../../../arm-none-eabi/lib/thumb/v6-m/nofp\libc_nano.a(libc_a-lseekr.o)
                0x0800f958                _lseek_r
 .text._read_r  0x0800f980       0x28 C:/ST/STM32CubeIDE_1.16.0/STM32CubeIDE/plugins/com.st.stm32cube.ide.mcu.externaltools.gnu-tools-for-stm32.12.3.rel1.win32_1.0.200.202406191623/tools/bin/../lib/gcc/arm-none-eabi/12.3.1/../../../../arm-none-eabi/lib/thumb/v6-m/nofp\libc_nano.a(libc_a-readr.o)
                0x0800f980                _read_r
 .text._write_r
                0x0800f9a8       0x28 C:/ST/STM32CubeIDE_1.16.0/STM32CubeIDE/plugins/com.st.stm32cube.ide.mcu.externaltools.gnu-tools-for-stm32.12.3.rel1.win32_1.0.200.202406191623/tools/bin/../lib/gcc/arm-none-eabi/12.3.1/../../../../arm-none-eabi/lib/thumb/v6-m/nofp\libc_nano.a(libc_a-writer.o)
                0x0800f9a8                _write_r
 .text.__errno  0x0800f9d0        0xc C:/ST/STM32CubeIDE_1.16.0/STM32CubeIDE/plugins/com.st.stm32cube.ide.mcu.externaltools.gnu-tools-for-stm32.12.3.rel1.win32_1.0.200.202406191623/tools/bin/../lib/gcc/arm-none-eabi/12.3.1/../../../../arm-none-eabi/lib/thumb/v6-m/nofp\libc_nano.a(libc_a-errno.o)
                0x0800f9d0                __errno
 .text.__libc_init_array
                0x0800f9dc       0x48 C:/ST/STM32CubeIDE_1.16.0/STM32CubeIDE/plugins/com.st.stm32cube.ide.mcu.externaltools.gnu-tools-for-stm32.12.3.rel1.win32_1.0.200.202406191623/tools/bin/../lib/gcc/arm-none-eabi/12.3.1/../../../../arm-none-eabi/lib/thumb/v6-m/nofp\libc_nano.a(libc_a-init.o)
                0x0800f9dc                __libc_init_array
 .text.__retarget_lock_init_recursive
                0x0800fa24        0x2 C:/ST/STM32CubeIDE_1.16.0/STM32CubeIDE/plugins/com.st.stm32cube.ide.mcu.externaltools.gnu-tools-for-stm32.12.3.rel1.win32_1.0.200.202406191623/tools/bin/../lib/gcc/arm-none-eabi/12.3.1/../../../../arm-none-eabi/lib/thumb/v6-m/nofp\libc_nano.a(libc_a-lock.o)
                0x0800fa24                __retarget_lock_init_recursive
 .text.__retarget_lock_acquire_recursive
                0x0800fa26        0x2 C:/ST/STM32CubeIDE_1.16.0/STM32CubeIDE/plugins/com.st.stm32cube.ide.mcu.externaltools.gnu-tools-for-stm32.12.3.rel1.win32_1.0.200.202406191623/tools/bin/../lib/gcc/arm-none-eabi/12.3.1/../../../../arm-none-eabi/lib/thumb/v6-m/nofp\libc_nano.a(libc_a-lock.o)
                0x0800fa26                __retarget_lock_acquire_recursive
 .text.__retarget_lock_release_recursive
                0x0800fa28        0x2 C:/ST/STM32CubeIDE_1.16.0/STM32CubeIDE/plugins/com.st.stm32cube.ide.mcu.externaltools.gnu-tools-for-stm32.12.3.rel1.win32_1.0.200.202406191623/tools/bin/../lib/gcc/arm-none-eabi/12.3.1/../../../../arm-none-eabi/lib/thumb/v6-m/nofp\libc_nano.a(libc_a-lock.o)
                0x0800fa28                __retarget_lock_release_recursive
 .text.memchr   0x0800fa2a       0x16 C:/ST/STM32CubeIDE_1.16.0/STM32CubeIDE/plugins/com.st.stm32cube.ide.mcu.externaltools.gnu-tools-for-stm32.12.3.rel1.win32_1.0.200.202406191623/tools/bin/../lib/gcc/arm-none-eabi/12.3.1/../../../../arm-none-eabi/lib/thumb/v6-m/nofp\libc_nano.a(libc_a-memchr-stub.o)
                0x0800fa2a                memchr
 .text.memcpy   0x0800fa40       0x12 C:/ST/STM32CubeIDE_1.16.0/STM32CubeIDE/plugins/com.st.stm32cube.ide.mcu.externaltools.gnu-tools-for-stm32.12.3.rel1.win32_1.0.200.202406191623/tools/bin/../lib/gcc/arm-none-eabi/12.3.1/../../../../arm-none-eabi/lib/thumb/v6-m/nofp\libc_nano.a(libc_a-memcpy-stub.o)
                0x0800fa40                memcpy
 *fill*         0x0800fa52        0x2 
 .text.nanf     0x0800fa54        0x8 C:/ST/STM32CubeIDE_1.16.0/STM32CubeIDE/plugins/com.st.stm32cube.ide.mcu.externaltools.gnu-tools-for-stm32.12.3.rel1.win32_1.0.200.202406191623/tools/bin/../lib/gcc/arm-none-eabi/12.3.1/../../../../arm-none-eabi/lib/thumb/v6-m/nofp\libc_nano.a(libm_a-sf_nan.o)
                0x0800fa54                nanf
 .text.quorem   0x0800fa5c      0x11c C:/ST/STM32CubeIDE_1.16.0/STM32CubeIDE/plugins/com.st.stm32cube.ide.mcu.externaltools.gnu-tools-for-stm32.12.3.rel1.win32_1.0.200.202406191623/tools/bin/../lib/gcc/arm-none-eabi/12.3.1/../../../../arm-none-eabi/lib/thumb/v6-m/nofp\libc_nano.a(libc_a-dtoa.o)
 .text._dtoa_r  0x0800fb78      0xbe8 C:/ST/STM32CubeIDE_1.16.0/STM32CubeIDE/plugins/com.st.stm32cube.ide.mcu.externaltools.gnu-tools-for-stm32.12.3.rel1.win32_1.0.200.202406191623/tools/bin/../lib/gcc/arm-none-eabi/12.3.1/../../../../arm-none-eabi/lib/thumb/v6-m/nofp\libc_nano.a(libc_a-dtoa.o)
                0x0800fb78                _dtoa_r
 .text._free_r  0x08010760       0x94 C:/ST/STM32CubeIDE_1.16.0/STM32CubeIDE/plugins/com.st.stm32cube.ide.mcu.externaltools.gnu-tools-for-stm32.12.3.rel1.win32_1.0.200.202406191623/tools/bin/../lib/gcc/arm-none-eabi/12.3.1/../../../../arm-none-eabi/lib/thumb/v6-m/nofp\libc_nano.a(libc_a-freer.o)
                0x08010760                _free_r
 .text.malloc   0x080107f4       0x14 C:/ST/STM32CubeIDE_1.16.0/STM32CubeIDE/plugins/com.st.stm32cube.ide.mcu.externaltools.gnu-tools-for-stm32.12.3.rel1.win32_1.0.200.202406191623/tools/bin/../lib/gcc/arm-none-eabi/12.3.1/../../../../arm-none-eabi/lib/thumb/v6-m/nofp\libc_nano.a(libc_a-malloc.o)
                0x080107f4                malloc
 .text.sbrk_aligned
                0x08010808       0x44 C:/ST/STM32CubeIDE_1.16.0/STM32CubeIDE/plugins/com.st.stm32cube.ide.mcu.externaltools.gnu-tools-for-stm32.12.3.rel1.win32_1.0.200.202406191623/tools/bin/../lib/gcc/arm-none-eabi/12.3.1/../../../../arm-none-eabi/lib/thumb/v6-m/nofp\libc_nano.a(libc_a-mallocr.o)
 .text._malloc_r
                0x0801084c      0x100 C:/ST/STM32CubeIDE_1.16.0/STM32CubeIDE/plugins/com.st.stm32cube.ide.mcu.externaltools.gnu-tools-for-stm32.12.3.rel1.win32_1.0.200.202406191623/tools/bin/../lib/gcc/arm-none-eabi/12.3.1/../../../../arm-none-eabi/lib/thumb/v6-m/nofp\libc_nano.a(libc_a-mallocr.o)
                0x0801084c                _malloc_r
 .text.__malloc_lock
                0x0801094c       0x10 C:/ST/STM32CubeIDE_1.16.0/STM32CubeIDE/plugins/com.st.stm32cube.ide.mcu.externaltools.gnu-tools-for-stm32.12.3.rel1.win32_1.0.200.202406191623/tools/bin/../lib/gcc/arm-none-eabi/12.3.1/../../../../arm-none-eabi/lib/thumb/v6-m/nofp\libc_nano.a(libc_a-mlock.o)
                0x0801094c                __malloc_lock
 .text.__malloc_unlock
                0x0801095c       0x10 C:/ST/STM32CubeIDE_1.16.0/STM32CubeIDE/plugins/com.st.stm32cube.ide.mcu.externaltools.gnu-tools-for-stm32.12.3.rel1.win32_1.0.200.202406191623/tools/bin/../lib/gcc/arm-none-eabi/12.3.1/../../../../arm-none-eabi/lib/thumb/v6-m/nofp\libc_nano.a(libc_a-mlock.o)
                0x0801095c                __malloc_unlock
 .text._Balloc  0x0801096c       0x88 C:/ST/STM32CubeIDE_1.16.0/STM32CubeIDE/plugins/com.st.stm32cube.ide.mcu.externaltools.gnu-tools-for-stm32.12.3.rel1.win32_1.0.200.202406191623/tools/bin/../lib/gcc/arm-none-eabi/12.3.1/../../../../arm-none-eabi/lib/thumb/v6-m/nofp\libc_nano.a(libc_a-mprec.o)
                0x0801096c                _Balloc
 .text._Bfree   0x080109f4       0x48 C:/ST/STM32CubeIDE_1.16.0/STM32CubeIDE/plugins/com.st.stm32cube.ide.mcu.externaltools.gnu-tools-for-stm32.12.3.rel1.win32_1.0.200.202406191623/tools/bin/../lib/gcc/arm-none-eabi/12.3.1/../../../../arm-none-eabi/lib/thumb/v6-m/nofp\libc_nano.a(libc_a-mprec.o)
                0x080109f4                _Bfree
 .text.__multadd
                0x08010a3c       0x88 C:/ST/STM32CubeIDE_1.16.0/STM32CubeIDE/plugins/com.st.stm32cube.ide.mcu.externaltools.gnu-tools-for-stm32.12.3.rel1.win32_1.0.200.202406191623/tools/bin/../lib/gcc/arm-none-eabi/12.3.1/../../../../arm-none-eabi/lib/thumb/v6-m/nofp\libc_nano.a(libc_a-mprec.o)
                0x08010a3c                __multadd
 .text.__s2b    0x08010ac4       0x98 C:/ST/STM32CubeIDE_1.16.0/STM32CubeIDE/plugins/com.st.stm32cube.ide.mcu.externaltools.gnu-tools-for-stm32.12.3.rel1.win32_1.0.200.202406191623/tools/bin/../lib/gcc/arm-none-eabi/12.3.1/../../../../arm-none-eabi/lib/thumb/v6-m/nofp\libc_nano.a(libc_a-mprec.o)
                0x08010ac4                __s2b
 .text.__hi0bits
                0x08010b5c       0x42 C:/ST/STM32CubeIDE_1.16.0/STM32CubeIDE/plugins/com.st.stm32cube.ide.mcu.externaltools.gnu-tools-for-stm32.12.3.rel1.win32_1.0.200.202406191623/tools/bin/../lib/gcc/arm-none-eabi/12.3.1/../../../../arm-none-eabi/lib/thumb/v6-m/nofp\libc_nano.a(libc_a-mprec.o)
                0x08010b5c                __hi0bits
 .text.__lo0bits
                0x08010b9e       0x5c C:/ST/STM32CubeIDE_1.16.0/STM32CubeIDE/plugins/com.st.stm32cube.ide.mcu.externaltools.gnu-tools-for-stm32.12.3.rel1.win32_1.0.200.202406191623/tools/bin/../lib/gcc/arm-none-eabi/12.3.1/../../../../arm-none-eabi/lib/thumb/v6-m/nofp\libc_nano.a(libc_a-mprec.o)
                0x08010b9e                __lo0bits
 *fill*         0x08010bfa        0x2 
 .text.__i2b    0x08010bfc       0x30 C:/ST/STM32CubeIDE_1.16.0/STM32CubeIDE/plugins/com.st.stm32cube.ide.mcu.externaltools.gnu-tools-for-stm32.12.3.rel1.win32_1.0.200.202406191623/tools/bin/../lib/gcc/arm-none-eabi/12.3.1/../../../../arm-none-eabi/lib/thumb/v6-m/nofp\libc_nano.a(libc_a-mprec.o)
                0x08010bfc                __i2b
 .text.__multiply
                0x08010c2c      0x164 C:/ST/STM32CubeIDE_1.16.0/STM32CubeIDE/plugins/com.st.stm32cube.ide.mcu.externaltools.gnu-tools-for-stm32.12.3.rel1.win32_1.0.200.202406191623/tools/bin/../lib/gcc/arm-none-eabi/12.3.1/../../../../arm-none-eabi/lib/thumb/v6-m/nofp\libc_nano.a(libc_a-mprec.o)
                0x08010c2c                __multiply
 .text.__pow5mult
                0x08010d90       0xb8 C:/ST/STM32CubeIDE_1.16.0/STM32CubeIDE/plugins/com.st.stm32cube.ide.mcu.externaltools.gnu-tools-for-stm32.12.3.rel1.win32_1.0.200.202406191623/tools/bin/../lib/gcc/arm-none-eabi/12.3.1/../../../../arm-none-eabi/lib/thumb/v6-m/nofp\libc_nano.a(libc_a-mprec.o)
                0x08010d90                __pow5mult
 .text.__lshift
                0x08010e48       0xd8 C:/ST/STM32CubeIDE_1.16.0/STM32CubeIDE/plugins/com.st.stm32cube.ide.mcu.externaltools.gnu-tools-for-stm32.12.3.rel1.win32_1.0.200.202406191623/tools/bin/../lib/gcc/arm-none-eabi/12.3.1/../../../../arm-none-eabi/lib/thumb/v6-m/nofp\libc_nano.a(libc_a-mprec.o)
                0x08010e48                __lshift
 .text.__mcmp   0x08010f20       0x36 C:/ST/STM32CubeIDE_1.16.0/STM32CubeIDE/plugins/com.st.stm32cube.ide.mcu.externaltools.gnu-tools-for-stm32.12.3.rel1.win32_1.0.200.202406191623/tools/bin/../lib/gcc/arm-none-eabi/12.3.1/../../../../arm-none-eabi/lib/thumb/v6-m/nofp\libc_nano.a(libc_a-mprec.o)
                0x08010f20                __mcmp
 *fill*         0x08010f56        0x2 
 .text.__mdiff  0x08010f58      0x134 C:/ST/STM32CubeIDE_1.16.0/STM32CubeIDE/plugins/com.st.stm32cube.ide.mcu.externaltools.gnu-tools-for-stm32.12.3.rel1.win32_1.0.200.202406191623/tools/bin/../lib/gcc/arm-none-eabi/12.3.1/../../../../arm-none-eabi/lib/thumb/v6-m/nofp\libc_nano.a(libc_a-mprec.o)
                0x08010f58                __mdiff
 .text.__ulp    0x0801108c       0x40 C:/ST/STM32CubeIDE_1.16.0/STM32CubeIDE/plugins/com.st.stm32cube.ide.mcu.externaltools.gnu-tools-for-stm32.12.3.rel1.win32_1.0.200.202406191623/tools/bin/../lib/gcc/arm-none-eabi/12.3.1/../../../../arm-none-eabi/lib/thumb/v6-m/nofp\libc_nano.a(libc_a-mprec.o)
                0x0801108c                __ulp
 .text.__b2d    0x080110cc       0x98 C:/ST/STM32CubeIDE_1.16.0/STM32CubeIDE/plugins/com.st.stm32cube.ide.mcu.externaltools.gnu-tools-for-stm32.12.3.rel1.win32_1.0.200.202406191623/tools/bin/../lib/gcc/arm-none-eabi/12.3.1/../../../../arm-none-eabi/lib/thumb/v6-m/nofp\libc_nano.a(libc_a-mprec.o)
                0x080110cc                __b2d
 .text.__d2b    0x08011164       0xc0 C:/ST/STM32CubeIDE_1.16.0/STM32CubeIDE/plugins/com.st.stm32cube.ide.mcu.externaltools.gnu-tools-for-stm32.12.3.rel1.win32_1.0.200.202406191623/tools/bin/../lib/gcc/arm-none-eabi/12.3.1/../../../../arm-none-eabi/lib/thumb/v6-m/nofp\libc_nano.a(libc_a-mprec.o)
                0x08011164                __d2b
 .text.__ratio  0x08011224       0x54 C:/ST/STM32CubeIDE_1.16.0/STM32CubeIDE/plugins/com.st.stm32cube.ide.mcu.externaltools.gnu-tools-for-stm32.12.3.rel1.win32_1.0.200.202406191623/tools/bin/../lib/gcc/arm-none-eabi/12.3.1/../../../../arm-none-eabi/lib/thumb/v6-m/nofp\libc_nano.a(libc_a-mprec.o)
                0x08011224                __ratio
 .text.__copybits
                0x08011278       0x42 C:/ST/STM32CubeIDE_1.16.0/STM32CubeIDE/plugins/com.st.stm32cube.ide.mcu.externaltools.gnu-tools-for-stm32.12.3.rel1.win32_1.0.200.202406191623/tools/bin/../lib/gcc/arm-none-eabi/12.3.1/../../../../arm-none-eabi/lib/thumb/v6-m/nofp\libc_nano.a(libc_a-mprec.o)
                0x08011278                __copybits
 .text.__any_on
                0x080112ba       0x46 C:/ST/STM32CubeIDE_1.16.0/STM32CubeIDE/plugins/com.st.stm32cube.ide.mcu.externaltools.gnu-tools-for-stm32.12.3.rel1.win32_1.0.200.202406191623/tools/bin/../lib/gcc/arm-none-eabi/12.3.1/../../../../arm-none-eabi/lib/thumb/v6-m/nofp\libc_nano.a(libc_a-mprec.o)
                0x080112ba                __any_on
 .text.sulp     0x08011300       0x30 C:/ST/STM32CubeIDE_1.16.0/STM32CubeIDE/plugins/com.st.stm32cube.ide.mcu.externaltools.gnu-tools-for-stm32.12.3.rel1.win32_1.0.200.202406191623/tools/bin/../lib/gcc/arm-none-eabi/12.3.1/../../../../arm-none-eabi/lib/thumb/v6-m/nofp\libc_nano.a(libc_a-strtod.o)
 .text._strtod_l
                0x08011330      0xbe4 C:/ST/STM32CubeIDE_1.16.0/STM32CubeIDE/plugins/com.st.stm32cube.ide.mcu.externaltools.gnu-tools-for-stm32.12.3.rel1.win32_1.0.200.202406191623/tools/bin/../lib/gcc/arm-none-eabi/12.3.1/../../../../arm-none-eabi/lib/thumb/v6-m/nofp\libc_nano.a(libc_a-strtod.o)
                0x08011330                _strtod_l
 .text._strtod_r
                0x08011f14       0x10 C:/ST/STM32CubeIDE_1.16.0/STM32CubeIDE/plugins/com.st.stm32cube.ide.mcu.externaltools.gnu-tools-for-stm32.12.3.rel1.win32_1.0.200.202406191623/tools/bin/../lib/gcc/arm-none-eabi/12.3.1/../../../../arm-none-eabi/lib/thumb/v6-m/nofp\libc_nano.a(libc_a-strtod.o)
                0x08011f14                _strtod_r
 .text._strtol_l.constprop.0
                0x08011f24      0x114 C:/ST/STM32CubeIDE_1.16.0/STM32CubeIDE/plugins/com.st.stm32cube.ide.mcu.externaltools.gnu-tools-for-stm32.12.3.rel1.win32_1.0.200.202406191623/tools/bin/../lib/gcc/arm-none-eabi/12.3.1/../../../../arm-none-eabi/lib/thumb/v6-m/nofp\libc_nano.a(libc_a-strtol.o)
 .text._strtol_r
                0x08012038        0x8 C:/ST/STM32CubeIDE_1.16.0/STM32CubeIDE/plugins/com.st.stm32cube.ide.mcu.externaltools.gnu-tools-for-stm32.12.3.rel1.win32_1.0.200.202406191623/tools/bin/../lib/gcc/arm-none-eabi/12.3.1/../../../../arm-none-eabi/lib/thumb/v6-m/nofp\libc_nano.a(libc_a-strtol.o)
                0x08012038                _strtol_r
 .text.__ssputs_r
                0x08012040       0xc0 C:/ST/STM32CubeIDE_1.16.0/STM32CubeIDE/plugins/com.st.stm32cube.ide.mcu.externaltools.gnu-tools-for-stm32.12.3.rel1.win32_1.0.200.202406191623/tools/bin/../lib/gcc/arm-none-eabi/12.3.1/../../../../arm-none-eabi/lib/thumb/v6-m/nofp\libc_nano.a(libc_a-nano-svfprintf.o)
                0x08012040                __ssputs_r
 .text._svfprintf_r
                0x08012100      0x1fc C:/ST/STM32CubeIDE_1.16.0/STM32CubeIDE/plugins/com.st.stm32cube.ide.mcu.externaltools.gnu-tools-for-stm32.12.3.rel1.win32_1.0.200.202406191623/tools/bin/../lib/gcc/arm-none-eabi/12.3.1/../../../../arm-none-eabi/lib/thumb/v6-m/nofp\libc_nano.a(libc_a-nano-svfprintf.o)
                0x08012100                _svfiprintf_r
                0x08012100                _svfprintf_r
 .text.__sflush_r
                0x080122fc      0x10c C:/ST/STM32CubeIDE_1.16.0/STM32CubeIDE/plugins/com.st.stm32cube.ide.mcu.externaltools.gnu-tools-for-stm32.12.3.rel1.win32_1.0.200.202406191623/tools/bin/../lib/gcc/arm-none-eabi/12.3.1/../../../../arm-none-eabi/lib/thumb/v6-m/nofp\libc_nano.a(libc_a-fflush.o)
                0x080122fc                __sflush_r
 .text._fflush_r
                0x08012408       0x56 C:/ST/STM32CubeIDE_1.16.0/STM32CubeIDE/plugins/com.st.stm32cube.ide.mcu.externaltools.gnu-tools-for-stm32.12.3.rel1.win32_1.0.200.202406191623/tools/bin/../lib/gcc/arm-none-eabi/12.3.1/../../../../arm-none-eabi/lib/thumb/v6-m/nofp\libc_nano.a(libc_a-fflush.o)
                0x08012408                _fflush_r
 .text.memmove  0x0801245e       0x26 C:/ST/STM32CubeIDE_1.16.0/STM32CubeIDE/plugins/com.st.stm32cube.ide.mcu.externaltools.gnu-tools-for-stm32.12.3.rel1.win32_1.0.200.202406191623/tools/bin/../lib/gcc/arm-none-eabi/12.3.1/../../../../arm-none-eabi/lib/thumb/v6-m/nofp\libc_nano.a(libc_a-memmove.o)
                0x0801245e                memmove
 .text.strncmp  0x08012484       0x22 C:/ST/STM32CubeIDE_1.16.0/STM32CubeIDE/plugins/com.st.stm32cube.ide.mcu.externaltools.gnu-tools-for-stm32.12.3.rel1.win32_1.0.200.202406191623/tools/bin/../lib/gcc/arm-none-eabi/12.3.1/../../../../arm-none-eabi/lib/thumb/v6-m/nofp\libc_nano.a(libc_a-strncmp.o)
                0x08012484                strncmp
 *fill*         0x080124a6        0x2 
 .text._sbrk_r  0x080124a8       0x24 C:/ST/STM32CubeIDE_1.16.0/STM32CubeIDE/plugins/com.st.stm32cube.ide.mcu.externaltools.gnu-tools-for-stm32.12.3.rel1.win32_1.0.200.202406191623/tools/bin/../lib/gcc/arm-none-eabi/12.3.1/../../../../arm-none-eabi/lib/thumb/v6-m/nofp\libc_nano.a(libc_a-sbrkr.o)
                0x080124a8                _sbrk_r
 .text.nan      0x080124cc        0xc C:/ST/STM32CubeIDE_1.16.0/STM32CubeIDE/plugins/com.st.stm32cube.ide.mcu.externaltools.gnu-tools-for-stm32.12.3.rel1.win32_1.0.200.202406191623/tools/bin/../lib/gcc/arm-none-eabi/12.3.1/../../../../arm-none-eabi/lib/thumb/v6-m/nofp\libc_nano.a(libm_a-s_nan.o)
                0x080124cc                nan
 .text.__assert_func
                0x080124d8       0x3c C:/ST/STM32CubeIDE_1.16.0/STM32CubeIDE/plugins/com.st.stm32cube.ide.mcu.externaltools.gnu-tools-for-stm32.12.3.rel1.win32_1.0.200.202406191623/tools/bin/../lib/gcc/arm-none-eabi/12.3.1/../../../../arm-none-eabi/lib/thumb/v6-m/nofp\libc_nano.a(libc_a-assert.o)
                0x080124d8                __assert_func
 .text._calloc_r
                0x08012514       0x5a C:/ST/STM32CubeIDE_1.16.0/STM32CubeIDE/plugins/com.st.stm32cube.ide.mcu.externaltools.gnu-tools-for-stm32.12.3.rel1.win32_1.0.200.202406191623/tools/bin/../lib/gcc/arm-none-eabi/12.3.1/../../../../arm-none-eabi/lib/thumb/v6-m/nofp\libc_nano.a(libc_a-callocr.o)
                0x08012514                _calloc_r
 .text.rshift   0x0801256e       0xa6 C:/ST/STM32CubeIDE_1.16.0/STM32CubeIDE/plugins/com.st.stm32cube.ide.mcu.externaltools.gnu-tools-for-stm32.12.3.rel1.win32_1.0.200.202406191623/tools/bin/../lib/gcc/arm-none-eabi/12.3.1/../../../../arm-none-eabi/lib/thumb/v6-m/nofp\libc_nano.a(libc_a-gdtoa-gethex.o)
 .text.__hexdig_fun
                0x08012614       0x2a C:/ST/STM32CubeIDE_1.16.0/STM32CubeIDE/plugins/com.st.stm32cube.ide.mcu.externaltools.gnu-tools-for-stm32.12.3.rel1.win32_1.0.200.202406191623/tools/bin/../lib/gcc/arm-none-eabi/12.3.1/../../../../arm-none-eabi/lib/thumb/v6-m/nofp\libc_nano.a(libc_a-gdtoa-gethex.o)
                0x08012614                __hexdig_fun
 *fill*         0x0801263e        0x2 
 .text.__gethex
                0x08012640      0x448 C:/ST/STM32CubeIDE_1.16.0/STM32CubeIDE/plugins/com.st.stm32cube.ide.mcu.externaltools.gnu-tools-for-stm32.12.3.rel1.win32_1.0.200.202406191623/tools/bin/../lib/gcc/arm-none-eabi/12.3.1/../../../../arm-none-eabi/lib/thumb/v6-m/nofp\libc_nano.a(libc_a-gdtoa-gethex.o)
                0x08012640                __gethex
 .text.L_shift  0x08012a88       0x24 C:/ST/STM32CubeIDE_1.16.0/STM32CubeIDE/plugins/com.st.stm32cube.ide.mcu.externaltools.gnu-tools-for-stm32.12.3.rel1.win32_1.0.200.202406191623/tools/bin/../lib/gcc/arm-none-eabi/12.3.1/../../../../arm-none-eabi/lib/thumb/v6-m/nofp\libc_nano.a(libc_a-gdtoa-hexnan.o)
 .text.__match  0x08012aac       0x28 C:/ST/STM32CubeIDE_1.16.0/STM32CubeIDE/plugins/com.st.stm32cube.ide.mcu.externaltools.gnu-tools-for-stm32.12.3.rel1.win32_1.0.200.202406191623/tools/bin/../lib/gcc/arm-none-eabi/12.3.1/../../../../arm-none-eabi/lib/thumb/v6-m/nofp\libc_nano.a(libc_a-gdtoa-hexnan.o)
                0x08012aac                __match
 .text.__hexnan
                0x08012ad4      0x150 C:/ST/STM32CubeIDE_1.16.0/STM32CubeIDE/plugins/com.st.stm32cube.ide.mcu.externaltools.gnu-tools-for-stm32.12.3.rel1.win32_1.0.200.202406191623/tools/bin/../lib/gcc/arm-none-eabi/12.3.1/../../../../arm-none-eabi/lib/thumb/v6-m/nofp\libc_nano.a(libc_a-gdtoa-hexnan.o)
                0x08012ad4                __hexnan
 .text.__ascii_mbtowc