../Core/Src/stm32l0xx_hal_msp.c:64:6:HAL_MspInit	8	static
../Core/Src/stm32l0xx_hal_msp.c:89:6:HAL_I2C_MspInit	48	static
../Core/Src/stm32l0xx_hal_msp.c:126:6:HAL_I2C_MspDeInit	16	static
../Core/Src/stm32l0xx_hal_msp.c:157:6:HAL_RTC_MspInit	16	static
../Core/Src/stm32l0xx_hal_msp.c:180:6:HAL_RTC_MspDeInit	16	static
../Core/Src/stm32l0xx_hal_msp.c:202:6:HAL_SPI_MspInit	48	static
../Core/Src/stm32l0xx_hal_msp.c:241:6:HAL_SPI_MspDeInit	16	static
../Core/Src/stm32l0xx_hal_msp.c:272:6:HAL_UART_MspInit	48	static
../Core/Src/stm32l0xx_hal_msp.c:309:6:HAL_UART_MspDeInit	16	static
